Component: ARM Compiler 6.14 Tool: armlink [5db06800]

==============================================================================

Memory Map of the image

  Image Entry point : 0x0000010d

  Load Region LR_IROM1 (Base: 0x00000000, Size: 0x0007d5c4, Max: 0x00100000, ABSOLUTE, COMPRESSED[0x0007d18c])

    Execution Region ER_IROM1 (Base: 0x00000000, Size: 0x0007cf78, Max: 0x00100000, ABSOLUTE)

    Base Addr    Size         Type   Attr      Idx    E Section Name        Object

    0x00000000   0x0000010c   Data   RO        21149    RESET               BUILD/TB_SENSE_12/ARMC6/mbed-os/targets/TARGET_Silicon_Labs/TARGET_EFM32/TARGET_EFR32MG12/device/TOOLCHAIN_ARM_STD/startup_efr32mg12p.o
    0x0000010c   0x00000008   Code   RO        23764  * !!!main             c:\ProgramData\Mbed Studio\mbed-studio-tools\ac6\bin\..\lib\armlib\c_w.l(__main.o)
    0x00000114   0x00000034   Code   RO        24330    !!!scatter          c:\ProgramData\Mbed Studio\mbed-studio-tools\ac6\bin\..\lib\armlib\c_w.l(__scatter.o)
    0x00000148   0x0000005a   Code   RO        24328    !!dczerorl2         c:\ProgramData\Mbed Studio\mbed-studio-tools\ac6\bin\..\lib\armlib\c_w.l(__dczerorl2.o)
    0x000001a2   0x00000002   PAD
    0x000001a4   0x0000001c   Code   RO        24332    !!handler_zi        c:\ProgramData\Mbed Studio\mbed-studio-tools\ac6\bin\..\lib\armlib\c_w.l(__scatter_zi.o)
    0x000001c0   0x00000002   Code   RO        23763    .ARM.Collect$$libinit$$00000000  c:\ProgramData\Mbed Studio\mbed-studio-tools\ac6\bin\..\lib\armlib\c_w.l(libinit.o)
    0x000001c2   0x00000004   Code   RO        23974    .ARM.Collect$$libinit$$00000001  c:\ProgramData\Mbed Studio\mbed-studio-tools\ac6\bin\..\lib\armlib\c_w.l(libinit2.o)
    0x000001c6   0x00000000   Code   RO        23977    .ARM.Collect$$libinit$$00000004  c:\ProgramData\Mbed Studio\mbed-studio-tools\ac6\bin\..\lib\armlib\c_w.l(libinit2.o)
    0x000001c6   0x00000008   Code   RO        23978    .ARM.Collect$$libinit$$00000005  c:\ProgramData\Mbed Studio\mbed-studio-tools\ac6\bin\..\lib\armlib\c_w.l(libinit2.o)
    0x000001ce   0x00000000   Code   RO        23980    .ARM.Collect$$libinit$$0000000A  c:\ProgramData\Mbed Studio\mbed-studio-tools\ac6\bin\..\lib\armlib\c_w.l(libinit2.o)
    0x000001ce   0x00000000   Code   RO        23982    .ARM.Collect$$libinit$$0000000C  c:\ProgramData\Mbed Studio\mbed-studio-tools\ac6\bin\..\lib\armlib\c_w.l(libinit2.o)
    0x000001ce   0x00000000   Code   RO        23984    .ARM.Collect$$libinit$$0000000E  c:\ProgramData\Mbed Studio\mbed-studio-tools\ac6\bin\..\lib\armlib\c_w.l(libinit2.o)
    0x000001ce   0x00000006   Code   RO        23985    .ARM.Collect$$libinit$$0000000F  c:\ProgramData\Mbed Studio\mbed-studio-tools\ac6\bin\..\lib\armlib\c_w.l(libinit2.o)
    0x000001d4   0x00000000   Code   RO        23987    .ARM.Collect$$libinit$$00000011  c:\ProgramData\Mbed Studio\mbed-studio-tools\ac6\bin\..\lib\armlib\c_w.l(libinit2.o)
    0x000001d4   0x0000000c   Code   RO        23988    .ARM.Collect$$libinit$$00000012  c:\ProgramData\Mbed Studio\mbed-studio-tools\ac6\bin\..\lib\armlib\c_w.l(libinit2.o)
    0x000001e0   0x00000000   Code   RO        23989    .ARM.Collect$$libinit$$00000013  c:\ProgramData\Mbed Studio\mbed-studio-tools\ac6\bin\..\lib\armlib\c_w.l(libinit2.o)
    0x000001e0   0x00000000   Code   RO        23991    .ARM.Collect$$libinit$$00000015  c:\ProgramData\Mbed Studio\mbed-studio-tools\ac6\bin\..\lib\armlib\c_w.l(libinit2.o)
    0x000001e0   0x00000000   Code   RO        23993    .ARM.Collect$$libinit$$00000017  c:\ProgramData\Mbed Studio\mbed-studio-tools\ac6\bin\..\lib\armlib\c_w.l(libinit2.o)
    0x000001e0   0x00000000   Code   RO        23995    .ARM.Collect$$libinit$$00000019  c:\ProgramData\Mbed Studio\mbed-studio-tools\ac6\bin\..\lib\armlib\c_w.l(libinit2.o)
    0x000001e0   0x00000000   Code   RO        23997    .ARM.Collect$$libinit$$0000001B  c:\ProgramData\Mbed Studio\mbed-studio-tools\ac6\bin\..\lib\armlib\c_w.l(libinit2.o)
    0x000001e0   0x00000000   Code   RO        23999    .ARM.Collect$$libinit$$0000001D  c:\ProgramData\Mbed Studio\mbed-studio-tools\ac6\bin\..\lib\armlib\c_w.l(libinit2.o)
    0x000001e0   0x00000000   Code   RO        24001    .ARM.Collect$$libinit$$0000001F  c:\ProgramData\Mbed Studio\mbed-studio-tools\ac6\bin\..\lib\armlib\c_w.l(libinit2.o)
    0x000001e0   0x00000000   Code   RO        24003    .ARM.Collect$$libinit$$00000021  c:\ProgramData\Mbed Studio\mbed-studio-tools\ac6\bin\..\lib\armlib\c_w.l(libinit2.o)
    0x000001e0   0x00000000   Code   RO        24005    .ARM.Collect$$libinit$$00000023  c:\ProgramData\Mbed Studio\mbed-studio-tools\ac6\bin\..\lib\armlib\c_w.l(libinit2.o)
    0x000001e0   0x00000004   Code   RO        24006    .ARM.Collect$$libinit$$00000024  c:\ProgramData\Mbed Studio\mbed-studio-tools\ac6\bin\..\lib\armlib\c_w.l(libinit2.o)
[...]
    0x000771ac   0x00000008   Data   RO         6274    .rodata.mbedtls_sha256_info  BUILD/TB_SENSE_12/ARMC6/mbed-os/connectivity/mbedtls/source/md.o
    0x000771b4   0x00000008   Data   RO         6275    .rodata.mbedtls_sha384_info  BUILD/TB_SENSE_12/ARMC6/mbed-os/connectivity/mbedtls/source/md.o
    0x000771bc   0x00000008   Data   RO         6276    .rodata.mbedtls_sha512_info  BUILD/TB_SENSE_12/ARMC6/mbed-os/connectivity/mbedtls/source/md.o
    0x000771c4   0x00000010   Data   RO         7198    .rodata.mbedtls_x509_crt_profile_default  BUILD/TB_SENSE_12/ARMC6/mbed-os/connectivity/mbedtls/source/x509_crt.o
    0x000771d4   0x00000010   Data   RO         7200    .rodata.mbedtls_x509_crt_profile_suiteb  BUILD/TB_SENSE_12/ARMC6/mbed-os/connectivity/mbedtls/source/x509_crt.o
    0x000771e4   0x00000004   Data   RO         6500    .rodata.memset_func  BUILD/TB_SENSE_12/ARMC6/mbed-os/connectivity/mbedtls/source/platform_util.o
    0x000771e8   0x00000006   Data   RO         9587    .rodata.meshcop_active_set_ignore  BUILD/TB_SENSE_12/ARMC6/mbed-os/connectivity/nanostack/sal-stack-nanostack/source/6LoWPAN/Thread/thread_joiner_application.o
    0x000771ee   0x00000005   Data   RO         9049    .rodata.meshcop_nmkp_resp_ignore  BUILD/TB_SENSE_12/ARMC6/mbed-os/connectivity/nanostack/sal-stack-nanostack/source/6LoWPAN/Thread/thread_ccm.o
    0x000771f3   0x0000000b   Data   RO         9586    .rodata.meshcop_pending_set_ignore  BUILD/TB_SENSE_12/ARMC6/mbed-os/connectivity/nanostack/sal-stack-nanostack/source/6LoWPAN/Thread/thread_joiner_application.o
    0x000771fe   0x00000001   Data   RO         9588    .rodata.mle_active_configuration_dataset_ignore_tlvs  BUILD/TB_SENSE_12/ARMC6/mbed-os/connectivity/nanostack/sal-stack-nanostack/source/6LoWPAN/Thread/thread_joiner_application.o
    0x000771ff   0x00000009   Data   RO         9584    .rodata.mle_active_configuration_dataset_tlvs  BUILD/TB_SENSE_12/ARMC6/mbed-os/connectivity/nanostack/sal-stack-nanostack/source/6LoWPAN/Thread/thread_joiner_application.o
    0x00077208   0x00000001   Data   RO         9589    .rodata.mle_pending_configuration_dataset_ignore_tlvs  BUILD/TB_SENSE_12/ARMC6/mbed-os/connectivity/nanostack/sal-stack-nanostack/source/6LoWPAN/Thread/thread_joiner_application.o
    0x00077209   0x00000010   Data   RO        13757    .rodata.ns_in6addr_any  BUILD/TB_SENSE_12/ARMC6/mbed-os/connectivity/nanostack/sal-stack-nanostack/source/libNET/src/socket_api.o
    0x00077219   0x00000003   PAD
    0x0007721c   0x0000003c   Data   RO         6322    .rodata.oid_ecp_grp  BUILD/TB_SENSE_12/ARMC6/mbed-os/connectivity/mbedtls/source/oid.o
    0x00077258   0x00000080   Data   RO         6327    .rodata.oid_ext_key_usage  BUILD/TB_SENSE_12/ARMC6/mbed-os/connectivity/mbedtls/source/oid.o
    0x000772d8   0x00000064   Data   RO         6323    .rodata.oid_md_alg  BUILD/TB_SENSE_12/ARMC6/mbed-os/connectivity/mbedtls/source/oid.o
    0x0007733c   0x00000050   Data   RO         6321    .rodata.oid_pk_alg  BUILD/TB_SENSE_12/ARMC6/mbed-os/connectivity/mbedtls/source/oid.o
    0x0007738c   0x000000c8   Data   RO         6320    .rodata.oid_sig_alg  BUILD/TB_SENSE_12/ARMC6/mbed-os/connectivity/mbedtls/source/oid.o
    0x00077454   0x0000008c   Data   RO         6326    .rodata.oid_x509_ext  BUILD/TB_SENSE_12/ARMC6/mbed-os/connectivity/mbedtls/source/oid.o
    0x000774e0   0x00000190   Data   RO         6324    .rodata.oid_x520_attr_type  BUILD/TB_SENSE_12/ARMC6/mbed-os/connectivity/mbedtls/source/oid.o
    0x00077670   0x00000004   Data   RO        19336    .rodata.osRtxUserSVC  BUILD/TB_SENSE_12/ARMC6/mbed-os/rtos/source/TARGET_CORTEX/rtx5/RTX/Source/rtx_lib.o
    0x00077674   0x00000024   Data   RO        19331    .rodata.os_idle_thread_attr  BUILD/TB_SENSE_12/ARMC6/mbed-os/rtos/source/TARGET_CORTEX/rtx5/RTX/Source/rtx_lib.o
    0x00077698   0x00000018   Data   RO        19333    .rodata.os_timer_mq_attr  BUILD/TB_SENSE_12/ARMC6/mbed-os/rtos/source/TARGET_CORTEX/rtx5/RTX/Source/rtx_lib.o
    0x000776b0   0x00000024   Data   RO        19332    .rodata.os_timer_thread_attr  BUILD/TB_SENSE_12/ARMC6/mbed-os/rtos/source/TARGET_CORTEX/rtx5/RTX/Source/rtx_lib.o
    0x000776d4   0x00000006   Data   RO        12090    .rodata.rfc7731_default_control_message_trickle_params  BUILD/TB_SENSE_12/ARMC6/mbed-os/connectivity/nanostack/sal-stack-nanostack/source/MPL/mpl.o
    0x000776da   0x00000006   Data   RO        12089    .rodata.rfc7731_default_data_message_trickle_params  BUILD/TB_SENSE_12/ARMC6/mbed-os/connectivity/nanostack/sal-stack-nanostack/source/MPL/mpl.o
    0x000776e0   0x00000020   Data   RO         6106    .rodata.secp256r1_b  BUILD/TB_SENSE_12/ARMC6/mbed-os/connectivity/mbedtls/source/ecp_curves.o
    0x00077700   0x00000020   Data   RO         6107    .rodata.secp256r1_gx  BUILD/TB_SENSE_12/ARMC6/mbed-os/connectivity/mbedtls/source/ecp_curves.o
    0x00077720   0x00000020   Data   RO         6108    .rodata.secp256r1_gy  BUILD/TB_SENSE_12/ARMC6/mbed-os/connectivity/mbedtls/source/ecp_curves.o
    0x00077740   0x00000020   Data   RO         6109    .rodata.secp256r1_n  BUILD/TB_SENSE_12/ARMC6/mbed-os/connectivity/mbedtls/source/ecp_curves.o
    0x00077760   0x00000020   Data   RO         6105    .rodata.secp256r1_p  BUILD/TB_SENSE_12/ARMC6/mbed-os/connectivity/mbedtls/source/ecp_curves.o
    0x00077780   0x00000030   Data   RO         6111    .rodata.secp384r1_b  BUILD/TB_SENSE_12/ARMC6/mbed-os/connectivity/mbedtls/source/ecp_curves.o
    0x000777b0   0x00000030   Data   RO         6112    .rodata.secp384r1_gx  BUILD/TB_SENSE_12/ARMC6/mbed-os/connectivity/mbedtls/source/ecp_curves.o
    0x000777e0   0x00000030   Data   RO         6113    .rodata.secp384r1_gy  BUILD/TB_SENSE_12/ARMC6/mbed-os/connectivity/mbedtls/source/ecp_curves.o
    0x00077810   0x00000030   Data   RO         6114    .rodata.secp384r1_n  BUILD/TB_SENSE_12/ARMC6/mbed-os/connectivity/mbedtls/source/ecp_curves.o
    0x00077840   0x00000030   Data   RO         6110    .rodata.secp384r1_p  BUILD/TB_SENSE_12/ARMC6/mbed-os/connectivity/mbedtls/source/ecp_curves.o
    0x00077870   0x00000040   Data   RO         2414    .rodata.sha_padding  BUILD/TB_SENSE_12/ARMC6/mbed-os/connectivity/drivers/mbedtls/TARGET_Silicon_Labs/crypto_sha.o
    0x000778b0   0x0000000c   Data   RO        11050    .rodata.state_flag  BUILD/TB_SENSE_12/ARMC6/mbed-os/connectivity/nanostack/sal-stack-nanostack/source/Common_Protocols/tcp.o
    0x000778bc   0x00000073   Data   RO           56    .rodata.str1.1      BUILD/TB_SENSE_12/ARMC6/main.o
    0x0007792f   0x000000b7   Data   RO         5810    .rodata.str1.1      BUILD/TB_SENSE_12/ARMC6/mbed-os/connectivity/mbedtls/source/cipher_wrap.o
    0x000779e6   0x00000006   Data   RO         5917    .rodata.str1.1      BUILD/TB_SENSE_12/ARMC6/mbed-os/connectivity/mbedtls/source/debug.o
    0x000779ec   0x00000014   Data   RO         6086    .rodata.str1.1      BUILD/TB_SENSE_12/ARMC6/mbed-os/connectivity/mbedtls/source/ecp.o
    0x00077a00   0x00000774   Data   RO         6325    .rodata.str1.1      BUILD/TB_SENSE_12/ARMC6/mbed-os/connectivity/mbedtls/source/oid.o
    0x00078174   0x0000000b   Data   RO         6379    .rodata.str1.1      BUILD/TB_SENSE_12/ARMC6/mbed-os/connectivity/mbedtls/source/pk.o
    0x0007817f   0x0000000f   Data   RO         6444    .rodata.str1.1      BUILD/TB_SENSE_12/ARMC6/mbed-os/connectivity/mbedtls/source/pk_wrap.o
    0x0007818e   0x00000036   Data   RO         6477    .rodata.str1.1      BUILD/TB_SENSE_12/ARMC6/mbed-os/connectivity/mbedtls/source/pkparse.o
    0x000781c4   0x000003a0   Data   RO         6688    .rodata.str1.1      BUILD/TB_SENSE_12/ARMC6/mbed-os/connectivity/mbedtls/source/ssl_ciphersuites.o
    0x00078564   0x00001041   Data   RO         6695    .rodata.str1.1      BUILD/TB_SENSE_12/ARMC6/mbed-os/connectivity/mbedtls/source/ssl_cli.o
    0x000795a5   0x000012ff   Data   RO         6804    .rodata.str1.1      BUILD/TB_SENSE_12/ARMC6/mbed-os/connectivity/mbedtls/source/ssl_msg.o
    0x0007a8a4   0x00000ed7   Data   RO         6815    .rodata.str1.1      BUILD/TB_SENSE_12/ARMC6/mbed-os/connectivity/mbedtls/source/ssl_srv.o
    0x0007b77b   0x000003b1   Data   RO         7084    .rodata.str1.1      BUILD/TB_SENSE_12/ARMC6/mbed-os/connectivity/mbedtls/source/ssl_tls.o
    0x0007bb2c   0x00000325   Data   RO         7201    .rodata.str1.1      BUILD/TB_SENSE_12/ARMC6/mbed-os/connectivity/mbedtls/source/x509_crt.o
    0x0007be51   0x00000051   Data   RO         7665    .rodata.str1.1      BUILD/TB_SENSE_12/ARMC6/mbed-os/connectivity/nanostack/mbed-mesh-api/source/NanostackMemoryManager.o
    0x0007bea2   0x00000097   Data   RO         7988    .rodata.str1.1      BUILD/TB_SENSE_12/ARMC6/mbed-os/connectivity/nanostack/mbed-mesh-api/source/thread_tasklet.o
    0x0007bf39   0x0000006c   Data   RO         8072    .rodata.str1.1      BUILD/TB_SENSE_12/ARMC6/mbed-os/connectivity/nanostack/nanostack-hal-mbed-cmsis-rtos/arm_hal_interrupt.o
    0x0007bfa5   0x00000051   Data   RO         8096    .rodata.str1.1      BUILD/TB_SENSE_12/ARMC6/mbed-os/connectivity/nanostack/nanostack-hal-mbed-cmsis-rtos/arm_hal_timer.o
    0x0007bff6   0x00000066   Data   RO         8116    .rodata.str1.1      BUILD/TB_SENSE_12/ARMC6/mbed-os/connectivity/nanostack/nanostack-hal-mbed-cmsis-rtos/ns_event_loop.o
    0x0007c05c   0x0000006b   Data   RO         8134    .rodata.str1.1      BUILD/TB_SENSE_12/ARMC6/mbed-os/connectivity/nanostack/nanostack-hal-mbed-cmsis-rtos/ns_event_loop_mutex.o
    0x0007c0c7   0x0000004d   Data   RO         8142    .rodata.str1.1      BUILD/TB_SENSE_12/ARMC6/mbed-os/connectivity/nanostack/nanostack-hal-mbed-cmsis-rtos/ns_hal_init.o
    0x0007c114   0x00000014   Data   RO         8726    .rodata.str1.1      BUILD/TB_SENSE_12/ARMC6/mbed-os/connectivity/nanostack/sal-stack-nanostack/source/6LoWPAN/Thread/thread_bbr_api.o
    0x0007c128   0x00000014   Data   RO         9052    .rodata.str1.1      BUILD/TB_SENSE_12/ARMC6/mbed-os/connectivity/nanostack/sal-stack-nanostack/source/6LoWPAN/Thread/thread_ccm.o
    0x0007c13c   0x0000000f   Data   RO         9345    .rodata.str1.1      BUILD/TB_SENSE_12/ARMC6/mbed-os/connectivity/nanostack/sal-stack-nanostack/source/6LoWPAN/Thread/thread_diagnostic.o
    0x0007c14b   0x0000002d   Data   RO         9656    .rodata.str1.1      BUILD/TB_SENSE_12/ARMC6/mbed-os/connectivity/nanostack/sal-stack-nanostack/source/6LoWPAN/Thread/thread_leader_service.o
    0x0007c178   0x0000001b   Data   RO         9943    .rodata.str1.1      BUILD/TB_SENSE_12/ARMC6/mbed-os/connectivity/nanostack/sal-stack-nanostack/source/6LoWPAN/Thread/thread_management_server.o
    0x0007c193   0x00000019   Data   RO        10315    .rodata.str1.1      BUILD/TB_SENSE_12/ARMC6/mbed-os/connectivity/nanostack/sal-stack-nanostack/source/6LoWPAN/Thread/thread_nvm_store.o
    0x0007c1ac   0x0000000a   Data   RO        10347    .rodata.str1.1      BUILD/TB_SENSE_12/ARMC6/mbed-os/connectivity/nanostack/sal-stack-nanostack/source/6LoWPAN/Thread/thread_resolution_client.o
    0x0007c1b6   0x00000005   Data   RO        10358    .rodata.str1.1      BUILD/TB_SENSE_12/ARMC6/mbed-os/connectivity/nanostack/sal-stack-nanostack/source/6LoWPAN/Thread/thread_resolution_server.o
    0x0007c1bb   0x00000005   Data   RO        11248    .rodata.str1.1      BUILD/TB_SENSE_12/ARMC6/mbed-os/connectivity/nanostack/sal-stack-nanostack/source/Core/ns_monitor.o
    0x0007c1c0   0x0000015c   Data   RO        13851    .rodata.str1.1      BUILD/TB_SENSE_12/ARMC6/mbed-os/connectivity/nanostack/source/Nanostack.o
    0x0007c31c   0x0000003b   Data   RO        13904    .rodata.str1.1      BUILD/TB_SENSE_12/ARMC6/mbed-os/connectivity/netsocket/source/CellularNonIPSocket.o
    0x0007c357   0x0000002f   Data   RO        14079    .rodata.str1.1      BUILD/TB_SENSE_12/ARMC6/mbed-os/connectivity/netsocket/source/InternetSocket.o
    0x0007c386   0x00000056   Data   RO        14563    .rodata.str1.1      BUILD/TB_SENSE_12/ARMC6/mbed-os/connectivity/netsocket/source/nsapi_dns.o
    0x0007c3dc   0x0000003e   Data   RO        17063    .rodata.str1.1      BUILD/TB_SENSE_12/ARMC6/mbed-os/events/source/mbed_shared_queues.o
    0x0007c41a   0x00000018   Data   RO        17352    .rodata.str1.1      BUILD/TB_SENSE_12/ARMC6/mbed-os/features/frameworks/mbed-trace/source/mbed_trace.o
    0x0007c432   0x0000004e   Data   RO        18066    .rodata.str1.1      BUILD/TB_SENSE_12/ARMC6/mbed-os/platform/source/SysTimer.o
    0x0007c480   0x000000c8   Data   RO        18218    .rodata.str1.1      BUILD/TB_SENSE_12/ARMC6/mbed-os/platform/source/TARGET_CORTEX_M/mbed_fault_handler.o
    0x0007c548   0x00000159   Data   RO        18402    .rodata.str1.1      BUILD/TB_SENSE_12/ARMC6/mbed-os/platform/source/mbed_error.o
    0x0007c6a1   0x00000063   Data   RO        18668    .rodata.str1.1      BUILD/TB_SENSE_12/ARMC6/mbed-os/platform/source/mbed_retarget.o
    0x0007c704   0x00000012   Data   RO        19002    .rodata.str1.1      BUILD/TB_SENSE_12/ARMC6/mbed-os/rtos/source/Mutex.o
    0x0007c716   0x00000019   Data   RO        19027    .rodata.str1.1      BUILD/TB_SENSE_12/ARMC6/mbed-os/rtos/source/Semaphore.o
    0x0007c72f   0x00000010   Data   RO        19075    .rodata.str1.1      BUILD/TB_SENSE_12/ARMC6/mbed-os/rtos/source/TARGET_CORTEX/mbed_rtos_rtx.o
    0x0007c73f   0x00000138   Data   RO        19112    .rodata.str1.1      BUILD/TB_SENSE_12/ARMC6/mbed-os/rtos/source/TARGET_CORTEX/mbed_rtx_handlers.o
    0x0007c877   0x00000036   Data   RO        19141    .rodata.str1.1      BUILD/TB_SENSE_12/ARMC6/mbed-os/rtos/source/TARGET_CORTEX/mbed_rtx_idle.o
    0x0007c8ad   0x00000013   Data   RO        19337    .rodata.str1.1      BUILD/TB_SENSE_12/ARMC6/mbed-os/rtos/source/TARGET_CORTEX/rtx5/RTX/Source/rtx_lib.o
    0x0007c8c0   0x00000025   Data   RO        19728    .rodata.str1.1      BUILD/TB_SENSE_12/ARMC6/mbed-os/rtos/source/ThisThread.o
    0x0007c8e5   0x0000001b   Data   RO        19767    .rodata.str1.1      BUILD/TB_SENSE_12/ARMC6/mbed-os/rtos/source/Thread.o
    0x0007c900   0x0000004d   Data   RO        21965    .rodata.str1.1      BUILD/TB_SENSE_12/ARMC6/mbed-os/targets/TARGET_Silicon_Labs/TARGET_EFM32/gpio_api.o
    0x0007c94d   0x00000042   Data   RO        21986    .rodata.str1.1      BUILD/TB_SENSE_12/ARMC6/mbed-os/targets/TARGET_Silicon_Labs/TARGET_EFM32/gpio_irq_api.o
    0x0007c98f   0x00000061   Data   RO        22042    .rodata.str1.1      BUILD/TB_SENSE_12/ARMC6/mbed-os/targets/TARGET_Silicon_Labs/TARGET_EFM32/i2c_api.o
    0x0007c9f0   0x00000093   Data   RO        22286    .rodata.str1.1      BUILD/TB_SENSE_12/ARMC6/mbed-os/targets/TARGET_Silicon_Labs/TARGET_EFM32/serial_api.o
    0x0007ca83   0x00000001   PAD
    0x0007ca84   0x0000001e   Data   RO           84    .rodata.str1.4      BUILD/TB_SENSE_12/ARMC6/main.o
    0x0007caa2   0x00000002   PAD
    0x0007caa4   0x0000000f   Data   RO         7990    .rodata.str1.4      BUILD/TB_SENSE_12/ARMC6/mbed-os/connectivity/nanostack/mbed-mesh-api/source/thread_tasklet.o
    0x0007cab3   0x00000001   PAD
    0x0007cab4   0x0000000b   Data   RO        19324    .rodata.str1.4      BUILD/TB_SENSE_12/ARMC6/mbed-os/rtos/source/TARGET_CORTEX/rtx5/RTX/Source/rtx_kernel.o
    0x0007cabf   0x00000001   PAD
    0x0007cac0   0x00000340   Data   RO         6685    .rodata.str4.4      BUILD/TB_SENSE_12/ARMC6/mbed-os/connectivity/mbedtls/source/ssl_ciphersuites.o
    0x0007ce00   0x00000006   Data   RO         8929    .rodata.thread_mpl_control_trickle_params  BUILD/TB_SENSE_12/ARMC6/mbed-os/connectivity/nanostack/sal-stack-nanostack/source/6LoWPAN/Thread/thread_bootstrap.o
    0x0007ce06   0x00000006   Data   RO         8930    .rodata.thread_mpl_data_trickle_params  BUILD/TB_SENSE_12/ARMC6/mbed-os/connectivity/nanostack/sal-stack-nanostack/source/6LoWPAN/Thread/thread_bootstrap.o
    0x0007ce0c   0x00000008   Data   RO        17818    .rodata.us_data     BUILD/TB_SENSE_12/ARMC6/mbed-os/hal/mbed_us_ticker_api.o
    0x0007ce14   0x00000024   Data   RO        17821    .rodata.us_interface  BUILD/TB_SENSE_12/ARMC6/mbed-os/hal/mbed_us_ticker_api.o
    0x0007ce38   0x00000008   Data   RO        22442    .rodata.us_ticker_get_info.info  BUILD/TB_SENSE_12/ARMC6/mbed-os/targets/TARGET_Silicon_Labs/TARGET_EFM32/us_ticker.o
    0x0007ce40   0x00000020   Data   RO        24327    Region$$Table       anon$$obj.o
    0x0007ce60   0x00000110   Data   RO        23961    locale$$data        c:\ProgramData\Mbed Studio\mbed-studio-tools\ac6\bin\..\lib\armlib\c_w.l(lc_ctype_c.o)
    0x0007cf70   0x00000004   Data   RO           83    .init_array         BUILD/TB_SENSE_12/ARMC6/main.o
    0x0007cf74   0x00000004   Data   RO        22489    .init_array         BUILD/TB_SENSE_12/ARMC6/mesh_led_control_example.o
    0x0007cf78   0x00000000   Data   RO        23767    .init_array         c:\ProgramData\Mbed Studio\mbed-studio-tools\ac6\bin\..\lib\armlib\c_w.l(init_aeabi.o)


    Execution Region RW_IRAM1 (Base: 0x20000110, Size: 0x0000d2f0, Max: 0x0003faf0, ABSOLUTE, COMPRESSED[0x00000214])

    Base Addr    Size         Type   Attr      Idx    E Section Name        Object

    0x20000110   0x00000008   Data   RW        22501    .data               ./mbed-os/targets/TARGET_Silicon_Labs/TARGET_SL_RAIL/efr32-rf-driver/rail/TARGET_EFR32_12/librail_efr32xg12_release.ar(rail_singleprotocol.o)
    0x20000118   0x0000000c   Data   RW        22555    .data               ./mbed-os/targets/TARGET_Silicon_Labs/TARGET_SL_RAIL/efr32-rf-driver/rail/TARGET_EFR32_12/librail_efr32xg12_release.ar(rail_rf.o)
    0x20000124   0x00000004   PAD
    0x20000128   0x0000002c   Data   RW        22778    .data               ./mbed-os/targets/TARGET_Silicon_Labs/TARGET_SL_RAIL/efr32-rf-driver/rail/TARGET_EFR32_12/librail_efr32xg12_release.ar(rail_rf_hal.o)
    0x20000154   0x00000014   Data   RW        22779    .data               ./mbed-os/targets/TARGET_Silicon_Labs/TARGET_SL_RAIL/efr32-rf-driver/rail/TARGET_EFR32_12/librail_efr32xg12_release.ar(rail_rf_hal.o)
    0x20000168   0x00000008   Data   RW        22781    .data               ./mbed-os/targets/TARGET_Silicon_Labs/TARGET_SL_RAIL/efr32-rf-driver/rail/TARGET_EFR32_12/librail_efr32xg12_release.ar(rail_rf_hal.o)
    0x20000170   0x00000008   Data   RW        22996    .data               ./mbed-os/targets/TARGET_Silicon_Labs/TARGET_SL_RAIL/efr32-rf-driver/rail/TARGET_EFR32_12/librail_efr32xg12_release.ar(rail_assert.o)
    0x20000178   0x00000010   Data   RW        23117    .data               ./mbed-os/targets/TARGET_Silicon_Labs/TARGET_SL_RAIL/efr32-rf-driver/rail/TARGET_EFR32_12/librail_efr32xg12_release.ar(pa.o)
    0x20000188   0x00000004   Data   RW        23303    .data               ./mbed-os/targets/TARGET_Silicon_Labs/TARGET_SL_RAIL/efr32-rf-driver/rail/TARGET_EFR32_12/librail_efr32xg12_release.ar(rfsense.o)
    0x2000018c   0x00000014   Data   RW        23340    .data               ./mbed-os/targets/TARGET_Silicon_Labs/TARGET_SL_RAIL/efr32-rf-driver/rail/TARGET_EFR32_12/librail_efr32xg12_release.ar(synth.o)
    0x200001a0   0x00000006   Data   RW        23407    .data               ./mbed-os/targets/TARGET_Silicon_Labs/TARGET_SL_RAIL/efr32-rf-driver/rail/TARGET_EFR32_12/librail_efr32xg12_release.ar(rf_rand.o)
    0x200001a6   0x00000002   PAD
    0x200001a8   0x00000004   Data   RW        23499    .data               ./mbed-os/targets/TARGET_Silicon_Labs/TARGET_SL_RAIL/efr32-rf-driver/rail/TARGET_EFR32_12/librail_efr32xg12_release.ar(ieee802154_efr32xg12_configurator_out.o)
    0x200001ac   0x00000004   Data   RW        23683    .data               c:\ProgramData\Mbed Studio\mbed-studio-tools\ac6\bin\..\lib\armlib\c_w.l(stdio_streams.o)
    0x200001b0   0x00000004   Data   RW        23684    .data               c:\ProgramData\Mbed Studio\mbed-studio-tools\ac6\bin\..\lib\armlib\c_w.l(stdio_streams.o)
    0x200001b4   0x00000004   Data   RW        23685    .data               c:\ProgramData\Mbed Studio\mbed-studio-tools\ac6\bin\..\lib\armlib\c_w.l(stdio_streams.o)
    0x200001b8   0x00000004   Data   RW        23950    .data               c:\ProgramData\Mbed Studio\mbed-studio-tools\ac6\bin\..\lib\armlib\c_w.l(streamlock.o)
    0x200001bc   0x00000004   Data   RW        10320    .data.DEVICE_CONF_FILE  BUILD/TB_SENSE_12/ARMC6/mbed-os/connectivity/nanostack/sal-stack-nanostack/source/6LoWPAN/Thread/thread_nvm_store.o
    0x200001c0   0x00000004   Data   RW        10316    .data.FAST_DATA_FILE  BUILD/TB_SENSE_12/ARMC6/mbed-os/connectivity/nanostack/sal-stack-nanostack/source/6LoWPAN/Thread/thread_nvm_store.o
    0x200001c4   0x00000004   Data   RW        10318    .data.LEADER_INFO_FILE  BUILD/TB_SENSE_12/ARMC6/mbed-os/connectivity/nanostack/sal-stack-nanostack/source/6LoWPAN/Thread/thread_nvm_store.o
    0x200001c8   0x00000004   Data   RW        10317    .data.LINK_INFO_FILE  BUILD/TB_SENSE_12/ARMC6/mbed-os/connectivity/nanostack/sal-stack-nanostack/source/6LoWPAN/Thread/thread_nvm_store.o
    0x200001cc   0x00000010   Data   RW           68    .data.Network_name  BUILD/TB_SENSE_12/ARMC6/main.o
    0x200001dc   0x00000004   Data   RW        21173    .data.SystemCoreClock  BUILD/TB_SENSE_12/ARMC6/mbed-os/targets/TARGET_Silicon_Labs/TARGET_EFM32/TARGET_EFR32MG12/device/system_efr32mg12p.o
    0x200001e0   0x00000004   Data   RW        21176    .data.SystemHFXOClock  BUILD/TB_SENSE_12/ARMC6/mbed-os/targets/TARGET_Silicon_Labs/TARGET_EFM32/TARGET_EFR32MG12/device/system_efr32mg12p.o
    0x200001e4   0x00000004   Data   RW        21174    .data.SystemHfrcoFreq  BUILD/TB_SENSE_12/ARMC6/mbed-os/targets/TARGET_Silicon_Labs/TARGET_EFM32/TARGET_EFR32MG12/device/system_efr32mg12p.o
    0x200001e8   0x00000004   Data   RW        21175    .data.SystemLFXOClock  BUILD/TB_SENSE_12/ARMC6/mbed-os/targets/TARGET_Silicon_Labs/TARGET_EFM32/TARGET_EFR32MG12/device/system_efr32mg12p.o
    0x200001ec   0x00000004   Data   RW        10319    .data.THREAD_NVM_ACTIVE_CONF_FILE  BUILD/TB_SENSE_12/ARMC6/mbed-os/connectivity/nanostack/sal-stack-nanostack/source/6LoWPAN/Thread/thread_nvm_store.o
    0x200001f0   0x00000004   Data   RW        10321    .data.THREAD_NVM_PENDING_CONF_FILE  BUILD/TB_SENSE_12/ARMC6/mbed-os/connectivity/nanostack/sal-stack-nanostack/source/6LoWPAN/Thread/thread_nvm_store.o
    0x200001f4   0x00000004   Data   RW        18711    .data._ZL10_rtc_write  BUILD/TB_SENSE_12/ARMC6/mbed-os/platform/source/mbed_rtc_time.o
    0x200001f8   0x00000055   Data   RW        14560    .data._ZL11dns_servers  BUILD/TB_SENSE_12/ARMC6/mbed-os/connectivity/netsocket/source/nsapi_dns.o
    0x2000024d   0x00000003   PAD
    0x20000250   0x00000040   Data   RW        18673    .data._ZL11filehandles  BUILD/TB_SENSE_12/ARMC6/mbed-os/platform/source/mbed_retarget.o
    0x20000290   0x00000004   Data   RW        14556    .data._ZL13dns_unique_id  BUILD/TB_SENSE_12/ARMC6/mbed-os/connectivity/netsocket/source/nsapi_dns.o
    0x20000294   0x00000004   Data   RW        18712    .data._ZL14_rtc_isenabled  BUILD/TB_SENSE_12/ARMC6/mbed-os/platform/source/mbed_rtc_time.o
    0x20000298   0x00000002   Data   RW        14555    .data._ZL14dns_message_id  BUILD/TB_SENSE_12/ARMC6/mbed-os/connectivity/netsocket/source/nsapi_dns.o
    0x2000029a   0x00000002   PAD
    0x2000029c   0x00000004   Data   RW        19142    .data._ZL14idle_hook_fptr  BUILD/TB_SENSE_12/ARMC6/mbed-os/rtos/source/TARGET_CORTEX/mbed_rtx_idle.o
    0x200002a0   0x00000001   Data   RW          949    .data._ZL18rf_radio_driver_id  BUILD/TB_SENSE_12/ARMC6/mbed-os/connectivity/drivers/802.15.4_RF/TARGET_Silicon_Labs/TARGET_SL_RAIL/NanostackRfPhyEfr32.o
    0x200002a1   0x00000001   Data   RW          943    .data._ZL7channel   BUILD/TB_SENSE_12/ARMC6/mbed-os/connectivity/drivers/802.15.4_RF/TARGET_Silicon_Labs/TARGET_SL_RAIL/NanostackRfPhyEfr32.o
    0x200002a2   0x00000002   PAD
    0x200002a4   0x00000124   Data   RW          941    .data._ZL7railCfg   BUILD/TB_SENSE_12/ARMC6/mbed-os/connectivity/drivers/802.15.4_RF/TARGET_Silicon_Labs/TARGET_SL_RAIL/NanostackRfPhyEfr32.o
    0x200003c8   0x00000004   Data   RW        18710    .data._ZL9_rtc_init  BUILD/TB_SENSE_12/ARMC6/mbed-os/platform/source/mbed_rtc_time.o
    0x200003cc   0x00000004   Data   RW        18713    .data._ZL9_rtc_read  BUILD/TB_SENSE_12/ARMC6/mbed-os/platform/source/mbed_rtc_time.o
    0x200003d0   0x00000008   Data   RW        14141    .data._ZZL29get_interface_event_list_headvE10event_list  BUILD/TB_SENSE_12/ARMC6/mbed-os/connectivity/netsocket/source/NetworkInterface.o
    0x200003d8   0x00000008   Data   RW        11225    .data.addr_notifications  BUILD/TB_SENSE_12/ARMC6/mbed-os/connectivity/nanostack/sal-stack-nanostack/source/Core/ns_address_internal.o
    0x200003e0   0x00000008   Data   RW        11224    .data.addr_policy_table  BUILD/TB_SENSE_12/ARMC6/mbed-os/connectivity/nanostack/sal-stack-nanostack/source/Core/ns_address_internal.o
    0x200003e8   0x00000004   Data   RW        11206    .data.addr_preferences_default  BUILD/TB_SENSE_12/ARMC6/mbed-os/connectivity/nanostack/sal-stack-nanostack/source/Core/ns_address_internal.o
    0x200003ec   0x00000008   Data   RW         8213    .data.arm_core_tasklet_list  BUILD/TB_SENSE_12/ARMC6/mbed-os/connectivity/nanostack/sal-stack-nanostack-eventloop/source/event.o
    0x200003f4   0x00000008   Data   RW        11902    .data.arm_device_driver_list  BUILD/TB_SENSE_12/ARMC6/mbed-os/connectivity/nanostack/sal-stack-nanostack/source/MAC/rf_driver_storage.o
    0x200003fc   0x00000004   Data   RW        21350    .data.auxHfrcoFreq  BUILD/TB_SENSE_12/ARMC6/mbed-os/targets/TARGET_Silicon_Labs/TARGET_EFM32/emlib/src/em_cmu.o
    0x20000400   0x00000008   Data   RW         8727    .data.bbr_instance_list  BUILD/TB_SENSE_12/ARMC6/mbed-os/connectivity/nanostack/sal-stack-nanostack/source/6LoWPAN/Thread/thread_bbr_api.o
    0x20000408   0x00000008   Data   RW         8994    .data.border_router_instance_list  BUILD/TB_SENSE_12/ARMC6/mbed-os/connectivity/nanostack/sal-stack-nanostack/source/6LoWPAN/Thread/thread_border_router_api.o
    0x20000410   0x0000000e   Data   RW        10322    .data.cached_link_info  BUILD/TB_SENSE_12/ARMC6/mbed-os/connectivity/nanostack/sal-stack-nanostack/source/6LoWPAN/Thread/thread_nvm_store.o
    0x2000041e   0x00000002   PAD
    0x20000420   0x00000008   Data   RW         9050    .data.ccm_instance_list  BUILD/TB_SENSE_12/ARMC6/mbed-os/connectivity/nanostack/sal-stack-nanostack/source/6LoWPAN/Thread/thread_ccm.o
    0x20000428   0x00000002   Data   RW           69    .data.channel       BUILD/TB_SENSE_12/ARMC6/main.o
    0x2000042a   0x00000009   Data   RW           71    .data.channel_mask  BUILD/TB_SENSE_12/ARMC6/main.o
    0x20000433   0x00000001   PAD
    0x20000434   0x00000004   Data   RW         7419    .data.coap_ticks    BUILD/TB_SENSE_12/ARMC6/mbed-os/connectivity/nanostack/coap-service/source/coap_service_api.o
    0x20000438   0x00000004   Data   RW         9684    .data.data_response_ptr  BUILD/TB_SENSE_12/ARMC6/mbed-os/connectivity/nanostack/sal-stack-nanostack/source/6LoWPAN/Thread/thread_lowpower_api.o
    0x2000043c   0x00000002   Data   RW        13258    .data.destination_cache_config.0  BUILD/TB_SENSE_12/ARMC6/mbed-os/connectivity/nanostack/sal-stack-nanostack/source/ipv6_stack/ipv6_routing_table.o
    0x2000043e   0x00000002   Data   RW        13259    .data.destination_cache_config.1  BUILD/TB_SENSE_12/ARMC6/mbed-os/connectivity/nanostack/sal-stack-nanostack/source/ipv6_stack/ipv6_routing_table.o
    0x20000440   0x00000002   Data   RW        13260    .data.destination_cache_config.2  BUILD/TB_SENSE_12/ARMC6/mbed-os/connectivity/nanostack/sal-stack-nanostack/source/ipv6_stack/ipv6_routing_table.o
    0x20000442   0x00000002   Data   RW        13261    .data.destination_cache_config.3  BUILD/TB_SENSE_12/ARMC6/mbed-os/connectivity/nanostack/sal-stack-nanostack/source/ipv6_stack/ipv6_routing_table.o
    0x20000444   0x00000008   Data   RW        11421    .data.dhcp_client_list  BUILD/TB_SENSE_12/ARMC6/mbed-os/connectivity/nanostack/sal-stack-nanostack/source/DHCPv6_client/dhcpv6_client_service.o
    0x2000044c   0x00000008   Data   RW        13413    .data.dhcpv6_client_nonTemporal_list  BUILD/TB_SENSE_12/ARMC6/mbed-os/connectivity/nanostack/sal-stack-nanostack/source/libDHCPv6/libDHCPv6.o
    0x20000454   0x00000008   Data   RW        13442    .data.dhcpv6_gua_server_list  BUILD/TB_SENSE_12/ARMC6/mbed-os/connectivity/nanostack/sal-stack-nanostack/source/libDHCPv6/libDHCPv6_server.o
    0x2000045c   0x00000004   Data   RW         6115    .data.ecp_mpi_set1.one  BUILD/TB_SENSE_12/ARMC6/mbed-os/connectivity/mbedtls/source/ecp_curves.o
    0x20000460   0x00000001   Data   RW        12415    .data.etx_info.13   BUILD/TB_SENSE_12/ARMC6/mbed-os/connectivity/nanostack/sal-stack-nanostack/source/Service_Libs/etx/etx.o
    0x20000461   0x00000003   PAD
    0x20000464   0x00000004   Data   RW        12407    .data.etx_info.5    BUILD/TB_SENSE_12/ARMC6/mbed-os/connectivity/nanostack/sal-stack-nanostack/source/Service_Libs/etx/etx.o
    0x20000468   0x00000002   Data   RW        12409    .data.etx_info.7    BUILD/TB_SENSE_12/ARMC6/mbed-os/connectivity/nanostack/sal-stack-nanostack/source/Service_Libs/etx/etx.o
    0x2000046a   0x00000002   PAD
    0x2000046c   0x00000008   Data   RW         8214    .data.event_queue_active  BUILD/TB_SENSE_12/ARMC6/mbed-os/connectivity/nanostack/sal-stack-nanostack-eventloop/source/event.o
    0x20000474   0x00000008   Data   RW           65    .data.extpanid      BUILD/TB_SENSE_12/ARMC6/main.o
    0x2000047c   0x00000008   Data   RW        10961    .data.frag_list     BUILD/TB_SENSE_12/ARMC6/mbed-os/connectivity/nanostack/sal-stack-nanostack/source/Common_Protocols/ipv6_fragmentation.o
    0x20000484   0x00000008   Data   RW        10683    .data.fragmenter_interface_list  BUILD/TB_SENSE_12/ARMC6/mbed-os/connectivity/nanostack/sal-stack-nanostack/source/6LoWPAN/adaptation_interface.o
    0x2000048c   0x00000008   Data   RW         8215    .data.free_event_entry  BUILD/TB_SENSE_12/ARMC6/mbed-os/connectivity/nanostack/sal-stack-nanostack-eventloop/source/event.o
    0x20000494   0x00000001   Data   RW           80    .data.getcmd_count  BUILD/TB_SENSE_12/ARMC6/main.o
    0x20000495   0x00000001   Data   RW           75    .data.id1           BUILD/TB_SENSE_12/ARMC6/main.o
    0x20000496   0x00000002   PAD
    0x20000498   0x00000008   Data   RW         7418    .data.instance_list  BUILD/TB_SENSE_12/ARMC6/mbed-os/connectivity/nanostack/coap-service/source/coap_service_api.o
    0x200004a0   0x00000008   Data   RW         9346    .data.instance_list  BUILD/TB_SENSE_12/ARMC6/mbed-os/connectivity/nanostack/sal-stack-nanostack/source/6LoWPAN/Thread/thread_diagnostic.o
    0x200004a8   0x00000008   Data   RW         9591    .data.instance_list  BUILD/TB_SENSE_12/ARMC6/mbed-os/connectivity/nanostack/sal-stack-nanostack/source/6LoWPAN/Thread/thread_joiner_application.o
    0x200004b0   0x00000008   Data   RW         9769    .data.instance_list  BUILD/TB_SENSE_12/ARMC6/mbed-os/connectivity/nanostack/sal-stack-nanostack/source/6LoWPAN/Thread/thread_management_client.o
    0x200004b8   0x00000008   Data   RW         9944    .data.instance_list  BUILD/TB_SENSE_12/ARMC6/mbed-os/connectivity/nanostack/sal-stack-nanostack/source/6LoWPAN/Thread/thread_management_server.o
    0x200004c0   0x00000008   Data   RW        10346    .data.instance_list  BUILD/TB_SENSE_12/ARMC6/mbed-os/connectivity/nanostack/sal-stack-nanostack/source/6LoWPAN/Thread/thread_resolution_client.o
    0x200004c8   0x00000008   Data   RW        10357    .data.instance_list  BUILD/TB_SENSE_12/ARMC6/mbed-os/connectivity/nanostack/sal-stack-nanostack/source/6LoWPAN/Thread/thread_resolution_server.o
    0x200004d0   0x00000008   Data   RW        11478    .data.instance_list  BUILD/TB_SENSE_12/ARMC6/mbed-os/connectivity/nanostack/sal-stack-nanostack/source/MAC/IEEE802_15_4/mac_filter.o
    0x200004d8   0x00000008   Data   RW        13250    .data.ipv6_destination_cache  BUILD/TB_SENSE_12/ARMC6/mbed-os/connectivity/nanostack/sal-stack-nanostack/source/ipv6_stack/ipv6_routing_table.o
    0x200004e0   0x00000001   Data   RW        10947    .data.ipv6_flow_auto_label  BUILD/TB_SENSE_12/ARMC6/mbed-os/connectivity/nanostack/sal-stack-nanostack/source/Common_Protocols/ipv6_flow.o
    0x200004e1   0x00000001   PAD
    0x200004e2   0x00000002   Data   RW        10960    .data.ipv6_frag_mru  BUILD/TB_SENSE_12/ARMC6/mbed-os/connectivity/nanostack/sal-stack-nanostack/source/Common_Protocols/ipv6_fragmentation.o
    0x200004e4   0x00000008   Data   RW        13254    .data.ipv6_routing_table  BUILD/TB_SENSE_12/ARMC6/mbed-os/connectivity/nanostack/sal-stack-nanostack/source/ipv6_stack/ipv6_routing_table.o
    0x200004ec   0x00000004   Data   RW        17734    .data.irq_handler   BUILD/TB_SENSE_12/ARMC6/mbed-os/hal/mbed_lp_ticker_api.o
    0x200004f0   0x00000004   Data   RW        17819    .data.irq_handler   BUILD/TB_SENSE_12/ARMC6/mbed-os/hal/mbed_us_ticker_api.o
    0x200004f4   0x00000001   Data   RW        11339    .data.last_allocated_socket  BUILD/TB_SENSE_12/ARMC6/mbed-os/connectivity/nanostack/sal-stack-nanostack/source/Core/ns_socket.o
    0x200004f5   0x00000003   PAD
    0x200004f8   0x00000008   Data   RW         9655    .data.leader_service_instance_list  BUILD/TB_SENSE_12/ARMC6/mbed-os/connectivity/nanostack/sal-stack-nanostack/source/6LoWPAN/Thread/thread_leader_service.o
    0x20000500   0x00000040   Data   RW        17351    .data.m_trace       BUILD/TB_SENSE_12/ARMC6/mbed-os/features/frameworks/mbed-trace/source/mbed_trace.o
    0x20000540   0x00000001   Data   RW         8473    .data.mac_data_poll_tasklet  BUILD/TB_SENSE_12/ARMC6/mbed-os/connectivity/nanostack/sal-stack-nanostack/source/6LoWPAN/MAC/mac_data_poll.o
    0x20000541   0x00000003   PAD
    0x20000544   0x00000008   Data   RW         8615    .data.mac_pairwise_info  BUILD/TB_SENSE_12/ARMC6/mbed-os/connectivity/nanostack/sal-stack-nanostack/source/6LoWPAN/MAC/mac_pairwise_key.o
    0x2000054c   0x00000018   Data   RW        11875    .data.mac_store     BUILD/TB_SENSE_12/ARMC6/mbed-os/connectivity/nanostack/sal-stack-nanostack/source/MAC/ethernet/ethernet_mac_api.o
    0x20000564   0x00000001   Data   RW        11627    .data.mac_tasklet_event_handler  BUILD/TB_SENSE_12/ARMC6/mbed-os/connectivity/nanostack/sal-stack-nanostack/source/MAC/IEEE802_15_4/mac_mcps_sap.o
    0x20000565   0x00000010   Data   RW           66    .data.masterkey     BUILD/TB_SENSE_12/ARMC6/main.o
    0x20000575   0x00000001   Data   RW         7270    .data.max_handshakes  BUILD/TB_SENSE_12/ARMC6/mbed-os/connectivity/nanostack/coap-service/source/coap_connection_handler.o
    0x20000576   0x00000001   Data   RW         7271    .data.max_sessions  BUILD/TB_SENSE_12/ARMC6/mbed-os/connectivity/nanostack/coap-service/source/coap_connection_handler.o
    0x20000577   0x00000008   Data   RW           70    .data.meshprefix    BUILD/TB_SENSE_12/ARMC6/main.o
    0x2000057f   0x00000001   PAD
    0x20000580   0x00000008   Data   RW        12091    .data.mpl_domains   BUILD/TB_SENSE_12/ARMC6/mbed-os/connectivity/nanostack/sal-stack-nanostack/source/MPL/mpl.o
    0x20000588   0x00000002   Data   RW        13262    .data.neighbour_cache_config.0  BUILD/TB_SENSE_12/ARMC6/mbed-os/connectivity/nanostack/sal-stack-nanostack/source/ipv6_stack/ipv6_routing_table.o
    0x2000058a   0x00000002   Data   RW        13263    .data.neighbour_cache_config.1  BUILD/TB_SENSE_12/ARMC6/mbed-os/connectivity/nanostack/sal-stack-nanostack/source/ipv6_stack/ipv6_routing_table.o
    0x2000058c   0x00000002   Data   RW        13264    .data.neighbour_cache_config.2  BUILD/TB_SENSE_12/ARMC6/mbed-os/connectivity/nanostack/sal-stack-nanostack/source/ipv6_stack/ipv6_routing_table.o
    0x2000058e   0x00000002   Data   RW        13265    .data.neighbour_cache_config.3  BUILD/TB_SENSE_12/ARMC6/mbed-os/connectivity/nanostack/sal-stack-nanostack/source/ipv6_stack/ipv6_routing_table.o
    0x20000590   0x00000008   Data   RW         8247    .data.ns_timer_list  BUILD/TB_SENSE_12/ARMC6/mbed-os/connectivity/nanostack/sal-stack-nanostack-eventloop/source/ns_timer.o
    0x20000598   0x000000a4   Data   RW        19325    .data.os            BUILD/TB_SENSE_12/ARMC6/mbed-os/rtos/source/TARGET_CORTEX/rtx5/RTX/Source/rtx_kernel.o
    0x2000063c   0x00000002   Data   RW           67    .data.panid         BUILD/TB_SENSE_12/ARMC6/main.o
    0x2000063e   0x00000002   PAD
    0x20000640   0x0000001c   Data   RW        12173    .data.protocol_core_cb.event  BUILD/TB_SENSE_12/ARMC6/mbed-os/connectivity/nanostack/sal-stack-nanostack/source/NWK_INTERFACE/protocol_core.o
    0x2000065c   0x00000002   Data   RW        12172    .data.protocol_core_seconds_timer  BUILD/TB_SENSE_12/ARMC6/mbed-os/connectivity/nanostack/sal-stack-nanostack/source/NWK_INTERFACE/protocol_core.o
    0x2000065e   0x00000002   PAD
    0x20000660   0x00000008   Data   RW        12168    .data.protocol_interface_info_list  BUILD/TB_SENSE_12/ARMC6/mbed-os/connectivity/nanostack/sal-stack-nanostack/source/NWK_INTERFACE/protocol_core.o
    0x20000668   0x00000001   Data   RW        12170    .data.protocol_root_tasklet_ID  BUILD/TB_SENSE_12/ARMC6/mbed-os/connectivity/nanostack/sal-stack-nanostack/source/NWK_INTERFACE/protocol_core.o
    0x20000669   0x00000001   Data   RW        12216    .data.protocol_timer_id  BUILD/TB_SENSE_12/ARMC6/mbed-os/connectivity/nanostack/sal-stack-nanostack/source/NWK_INTERFACE/protocol_timer.o
    0x2000066a   0x00000002   PAD
    0x2000066c   0x0000001c   Data   RW        12220    .data.protocol_timer_interrupt.event  BUILD/TB_SENSE_12/ARMC6/mbed-os/connectivity/nanostack/sal-stack-nanostack/source/NWK_INTERFACE/protocol_timer.o
    0x20000688   0x00000010   Data   RW           72    .data.psk           BUILD/TB_SENSE_12/ARMC6/main.o
    0x20000698   0x00000008   Data   RW         8378    .data.reassembly_interface_list  BUILD/TB_SENSE_12/ARMC6/mbed-os/connectivity/nanostack/sal-stack-nanostack/source/6LoWPAN/Fragmentation/cipv6_fragmenter.o
    0x200006a0   0x00000008   Data   RW         7316    .data.request_list  BUILD/TB_SENSE_12/ARMC6/mbed-os/connectivity/nanostack/coap-service/source/coap_message_handler.o
    0x200006a8   0x00000008   Data   RW         7272    .data.secure_session_list  BUILD/TB_SENSE_12/ARMC6/mbed-os/connectivity/nanostack/coap-service/source/coap_connection_handler.o
    0x200006b0   0x00000001   Data   RW           73    .data.securitypolicy  BUILD/TB_SENSE_12/ARMC6/main.o
    0x200006b1   0x00000001   Data   RW        11335    .data.socket_event_handler  BUILD/TB_SENSE_12/ARMC6/mbed-os/connectivity/nanostack/sal-stack-nanostack/source/Core/ns_socket.o
    0x200006b2   0x00000002   PAD
    0x200006b4   0x00000008   Data   RW         7273    .data.socket_list   BUILD/TB_SENSE_12/ARMC6/mbed-os/connectivity/nanostack/coap-service/source/coap_connection_handler.o
    0x200006bc   0x00000008   Data   RW        11333    .data.socket_list   BUILD/TB_SENSE_12/ARMC6/mbed-os/connectivity/nanostack/sal-stack-nanostack/source/Core/ns_socket.o
    0x200006c4   0x00000014   Data   RW         7089    .data.ssl_preset_default_hashes  BUILD/TB_SENSE_12/ARMC6/mbed-os/connectivity/mbedtls/source/ssl_tls.o
    0x200006d8   0x0000000c   Data   RW         7086    .data.ssl_preset_suiteb_ciphersuites  BUILD/TB_SENSE_12/ARMC6/mbed-os/connectivity/mbedtls/source/ssl_tls.o
    0x200006e4   0x00000003   Data   RW         7088    .data.ssl_preset_suiteb_curves  BUILD/TB_SENSE_12/ARMC6/mbed-os/connectivity/mbedtls/source/ssl_tls.o
    0x200006e7   0x00000001   PAD
    0x200006e8   0x0000000c   Data   RW         7087    .data.ssl_preset_suiteb_hashes  BUILD/TB_SENSE_12/ARMC6/mbed-os/connectivity/mbedtls/source/ssl_tls.o
    0x200006f4   0x00000001   Data   RW         8658    .data.support_mesh_multicast  BUILD/TB_SENSE_12/ARMC6/mbed-os/connectivity/nanostack/sal-stack-nanostack/source/6LoWPAN/Mesh/mesh.o
    0x200006f5   0x00000003   PAD
    0x200006f8   0x00000008   Data   RW         8285    .data.system_timer_free  BUILD/TB_SENSE_12/ARMC6/mbed-os/connectivity/nanostack/sal-stack-nanostack-eventloop/source/system_timer.o
    0x20000700   0x00000008   Data   RW         8288    .data.system_timer_list  BUILD/TB_SENSE_12/ARMC6/mbed-os/connectivity/nanostack/sal-stack-nanostack-eventloop/source/system_timer.o
    0x20000708   0x00000001   Data   RW         7417    .data.tasklet_id    BUILD/TB_SENSE_12/ARMC6/mbed-os/connectivity/nanostack/coap-service/source/coap_service_api.o
    0x20000709   0x00000003   PAD
    0x2000070c   0x00000004   Data   RW         9861    .data.thread_delay_timer_default  BUILD/TB_SENSE_12/ARMC6/mbed-os/connectivity/nanostack/sal-stack-nanostack/source/6LoWPAN/Thread/thread_management_if.o
    0x20000710   0x00000001   Data   RW         9388    .data.thread_discover_tasklet_id  BUILD/TB_SENSE_12/ARMC6/mbed-os/connectivity/nanostack/sal-stack-nanostack/source/6LoWPAN/Thread/thread_discovery.o
    0x20000711   0x00000003   PAD
    0x20000714   0x00000008   Data   RW         9387    .data.thread_discovery_class_list  BUILD/TB_SENSE_12/ARMC6/mbed-os/connectivity/nanostack/sal-stack-nanostack/source/6LoWPAN/Thread/thread_discovery.o
    0x2000071c   0x00000002   Data   RW         9863    .data.thread_joiner_port  BUILD/TB_SENSE_12/ARMC6/mbed-os/connectivity/nanostack/sal-stack-nanostack/source/6LoWPAN/Thread/thread_management_if.o
    0x2000071e   0x00000006   Data   RW         9865    .data.thread_key_get.key_seed  BUILD/TB_SENSE_12/ARMC6/mbed-os/connectivity/nanostack/sal-stack-nanostack/source/6LoWPAN/Thread/thread_management_if.o
    0x20000724   0x00000008   Data   RW         9685    .data.thread_lowpower_data_metrics_instance_list  BUILD/TB_SENSE_12/ARMC6/mbed-os/connectivity/nanostack/sal-stack-nanostack/source/6LoWPAN/Thread/thread_lowpower_api.o
    0x2000072c   0x00000001   Data   RW         9864    .data.thread_max_mcast_addr  BUILD/TB_SENSE_12/ARMC6/mbed-os/connectivity/nanostack/sal-stack-nanostack/source/6LoWPAN/Thread/thread_management_if.o
    0x2000072d   0x00000001   PAD
    0x2000072e   0x00000006   Data   RW        10529    .data.thread_mle_advert_trickle_params  BUILD/TB_SENSE_12/ARMC6/mbed-os/connectivity/nanostack/sal-stack-nanostack/source/6LoWPAN/Thread/thread_routing.o
    0x20000734   0x00000008   Data   RW        10256    .data.thread_network_dynamic_data_info  BUILD/TB_SENSE_12/ARMC6/mbed-os/connectivity/nanostack/sal-stack-nanostack/source/6LoWPAN/Thread/thread_network_synch.o
    0x2000073c   0x00000004   Data   RW         9862    .data.thread_router_selection_jitter  BUILD/TB_SENSE_12/ARMC6/mbed-os/connectivity/nanostack/sal-stack-nanostack/source/6LoWPAN/Thread/thread_management_if.o
    0x20000740   0x00000018   Data   RW        10530    .data.thread_routing_mesh_callbacks  BUILD/TB_SENSE_12/ARMC6/mbed-os/connectivity/nanostack/sal-stack-nanostack/source/6LoWPAN/Thread/thread_routing.o
    0x20000758   0x00000001   Data   RW         9316    .data.thread_version  BUILD/TB_SENSE_12/ARMC6/mbed-os/connectivity/nanostack/sal-stack-nanostack/source/6LoWPAN/Thread/thread_common.o
    0x20000759   0x00000001   Data   RW         8290    .data.tick_timer_id  BUILD/TB_SENSE_12/ARMC6/mbed-os/connectivity/nanostack/sal-stack-nanostack-eventloop/source/system_timer.o
    0x2000075a   0x00000001   Data   RW         8229    .data.timeout_tasklet_id  BUILD/TB_SENSE_12/ARMC6/mbed-os/connectivity/nanostack/sal-stack-nanostack-eventloop/source/ns_timeout.o
    0x2000075b   0x00000001   PAD
    0x2000075c   0x00000001   Zero   RW        22498    .bss                ./mbed-os/targets/TARGET_Silicon_Labs/TARGET_SL_RAIL/efr32-rf-driver/rail/TARGET_EFR32_12/librail_efr32xg12_release.ar(rail_singleprotocol.o)
    0x2000075d   0x00000003   PAD
    0x20000760   0x0000001c   Zero   RW        22499    .bss                ./mbed-os/targets/TARGET_Silicon_Labs/TARGET_SL_RAIL/efr32-rf-driver/rail/TARGET_EFR32_12/librail_efr32xg12_release.ar(rail_singleprotocol.o)
    0x2000077c   0x00000010   Zero   RW        22763    .bss                ./mbed-os/targets/TARGET_Silicon_Labs/TARGET_SL_RAIL/efr32-rf-driver/rail/TARGET_EFR32_12/librail_efr32xg12_release.ar(pa_conversions_efr32.o)
    0x2000078c   0x00000008   Zero   RW        22780    .bss                ./mbed-os/targets/TARGET_Silicon_Labs/TARGET_SL_RAIL/efr32-rf-driver/rail/TARGET_EFR32_12/librail_efr32xg12_release.ar(rail_rf_hal.o)
    0x20000794   0x0000000c   Zero   RW        23016    .bss                ./mbed-os/targets/TARGET_Silicon_Labs/TARGET_SL_RAIL/efr32-rf-driver/rail/TARGET_EFR32_12/librail_efr32xg12_release.ar(tmrdrv.o)
    0x200007a0   0x0000024c   Zero   RW        23049    .bss                ./mbed-os/targets/TARGET_Silicon_Labs/TARGET_SL_RAIL/efr32-rf-driver/rail/TARGET_EFR32_12/librail_efr32xg12_release.ar(bufc.o)
    0x200009ec   0x00000015   Zero   RW        23077    .bss                ./mbed-os/targets/TARGET_Silicon_Labs/TARGET_SL_RAIL/efr32-rf-driver/rail/TARGET_EFR32_12/librail_efr32xg12_release.ar(ir_cal.o)
    0x20000a01   0x00000001   Zero   RW        23157    .bss                ./mbed-os/targets/TARGET_Silicon_Labs/TARGET_SL_RAIL/efr32-rf-driver/rail/TARGET_EFR32_12/librail_efr32xg12_release.ar(protimer.o)
    0x20000a02   0x00000006   PAD
    0x20000a08   0x00000018   Zero   RW        23158    .bss                ./mbed-os/targets/TARGET_Silicon_Labs/TARGET_SL_RAIL/efr32-rf-driver/rail/TARGET_EFR32_12/librail_efr32xg12_release.ar(protimer.o)
    0x20000a20   0x00000010   Zero   RW        23159    .bss                ./mbed-os/targets/TARGET_Silicon_Labs/TARGET_SL_RAIL/efr32-rf-driver/rail/TARGET_EFR32_12/librail_efr32xg12_release.ar(protimer.o)
    0x20000a30   0x00000018   Zero   RW        23207    .bss                ./mbed-os/targets/TARGET_Silicon_Labs/TARGET_SL_RAIL/efr32-rf-driver/rail/TARGET_EFR32_12/librail_efr32xg12_release.ar(pti.o)
    0x20000a48   0x00000030   Zero   RW        23287    .bss                ./mbed-os/targets/TARGET_Silicon_Labs/TARGET_SL_RAIL/efr32-rf-driver/rail/TARGET_EFR32_12/librail_efr32xg12_release.ar(rf_test.o)
    0x20000a78   0x0000000c   Zero   RW        23304    .bss                ./mbed-os/targets/TARGET_Silicon_Labs/TARGET_SL_RAIL/efr32-rf-driver/rail/TARGET_EFR32_12/librail_efr32xg12_release.ar(rfsense.o)
    0x20000a84   0x0000000c   Zero   RW        23321    .bss                ./mbed-os/targets/TARGET_Silicon_Labs/TARGET_SL_RAIL/efr32-rf-driver/rail/TARGET_EFR32_12/librail_efr32xg12_release.ar(rtccsync.o)
    0x20000a90   0x00000004   Zero   RW        23376    .bss                ./mbed-os/targets/TARGET_Silicon_Labs/TARGET_SL_RAIL/efr32-rf-driver/rail/TARGET_EFR32_12/librail_efr32xg12_release.ar(timings.o)
    0x20000a94   0x00000004   PAD
    0x20000a98   0x00000014   Zero   RW        23421    .bss                ./mbed-os/targets/TARGET_Silicon_Labs/TARGET_SL_RAIL/efr32-rf-driver/rail/TARGET_EFR32_12/librail_efr32xg12_release.ar(generic_phy.o)
    0x20000aac   0x00000001   Zero   RW        23422    .bss                ./mbed-os/targets/TARGET_Silicon_Labs/TARGET_SL_RAIL/efr32-rf-driver/rail/TARGET_EFR32_12/librail_efr32xg12_release.ar(generic_phy.o)
    0x20000aad   0x00000003   PAD
    0x20000ab0   0x00000054   Zero   RW        23680    .bss                c:\ProgramData\Mbed Studio\mbed-studio-tools\ac6\bin\..\lib\armlib\c_w.l(stdio_streams.o)
    0x20000b04   0x00000054   Zero   RW        23681    .bss                c:\ProgramData\Mbed Studio\mbed-studio-tools\ac6\bin\..\lib\armlib\c_w.l(stdio_streams.o)
    0x20000b58   0x00000054   Zero   RW        23682    .bss                c:\ProgramData\Mbed Studio\mbed-studio-tools\ac6\bin\..\lib\armlib\c_w.l(stdio_streams.o)
    0x20000bac   0x00000060   Zero   RW        23876    .bss                c:\ProgramData\Mbed Studio\mbed-studio-tools\ac6\bin\..\lib\armlib\c_w.l(libspace.o)
    0x20000c0c   0x00000004   Zero   RW        18676    .bss._ZGVZL15default_consolevE7console  BUILD/TB_SENSE_12/ARMC6/mbed-os/platform/source/mbed_retarget.o
    0x20000c10   0x00000004   Zero   RW         7761    .bss._ZGVZN13MeshInterface27get_target_default_instanceEvE9interface  BUILD/TB_SENSE_12/ARMC6/mbed-os/connectivity/nanostack/mbed-mesh-api/source/ThreadInterface.o
    0x20000c14   0x00000004   Zero   RW          939    .bss._ZGVZN14NanostackRfPhy20get_default_instanceEvE6rf_phy  BUILD/TB_SENSE_12/ARMC6/mbed-os/connectivity/drivers/802.15.4_RF/TARGET_Silicon_Labs/TARGET_SL_RAIL/NanostackRfPhyEfr32.o
    0x20000c18   0x00000004   Zero   RW        17077    .bss._ZGVZN4mbed33do_shared_event_queue_with_threadIL12osPriority_t40ELj256ELj1024EEEPN6events10EventQueueEPKcE5queue  BUILD/TB_SENSE_12/ARMC6/mbed-os/events/source/mbed_shared_queues.o
    0x20000c1c   0x00000004   Zero   RW        17080    .bss._ZGVZN4mbed33do_shared_event_queue_with_threadIL12osPriority_t40ELj256ELj1024EEEPN6events10EventQueueEPKcE6thread  BUILD/TB_SENSE_12/ARMC6/mbed-os/events/source/mbed_shared_queues.o
    0x20000c20   0x00000004   Zero   RW        13855    .bss._ZGVZN9Nanostack12get_instanceEvE9nanostack  BUILD/TB_SENSE_12/ARMC6/mbed-os/connectivity/nanostack/source/Nanostack.o
    0x20000c24   0x00000004   Zero   RW         7580    .bss._ZL10single_phy  BUILD/TB_SENSE_12/ARMC6/mbed-os/connectivity/nanostack/mbed-mesh-api/source/NanostackEMACInterface.o
    0x20000c28   0x00000004   Zero   RW         7714    .bss._ZL10single_phy  BUILD/TB_SENSE_12/ARMC6/mbed-os/connectivity/nanostack/mbed-mesh-api/source/NanostackPPPInterface.o
    0x20000c2c   0x00000040   Zero   RW        13853    .bss._ZL10socket_tbl  BUILD/TB_SENSE_12/ARMC6/mbed-os/connectivity/nanostack/source/Nanostack.o
    0x20000c6c   0x00000004   PAD
    0x20000c70   0x00000008   Zero   RW          937    .bss._ZL11MAC_address  BUILD/TB_SENSE_12/ARMC6/mbed-os/connectivity/drivers/802.15.4_RF/TARGET_Silicon_Labs/TARGET_SL_RAIL/NanostackRfPhyEfr32.o
    0x20000c78   0x00000014   Zero   RW        14554    .bss._ZL11dns_call_in  BUILD/TB_SENSE_12/ARMC6/mbed-os/connectivity/netsocket/source/nsapi_dns.o
    0x20000c8c   0x00000004   Zero   RW          942    .bss._ZL11gRailHandle  BUILD/TB_SENSE_12/ARMC6/mbed-os/connectivity/drivers/802.15.4_RF/TARGET_Silicon_Labs/TARGET_SL_RAIL/NanostackRfPhyEfr32.o
    0x20000c90   0x00000001   Zero   RW          940    .bss._ZL11radio_state  BUILD/TB_SENSE_12/ARMC6/mbed-os/connectivity/drivers/802.15.4_RF/TARGET_Silicon_Labs/TARGET_SL_RAIL/NanostackRfPhyEfr32.o
    0x20000c91   0x00000001   Zero   RW          958    .bss._ZL12data_pending  BUILD/TB_SENSE_12/ARMC6/mbed-os/connectivity/drivers/802.15.4_RF/TARGET_Silicon_Labs/TARGET_SL_RAIL/NanostackRfPhyEfr32.o
    0x20000c92   0x00000002   PAD
    0x20000c94   0x00000004   Zero   RW          953    .bss._ZL12rf_thread_id  BUILD/TB_SENSE_12/ARMC6/mbed-os/connectivity/drivers/802.15.4_RF/TARGET_Silicon_Labs/TARGET_SL_RAIL/NanostackRfPhyEfr32.o
    0x20000c98   0x0000004c   Zero   RW          947    .bss._ZL13device_driver  BUILD/TB_SENSE_12/ARMC6/mbed-os/connectivity/drivers/802.15.4_RF/TARGET_Silicon_Labs/TARGET_SL_RAIL/NanostackRfPhyEfr32.o
    0x20000ce4   0x00000004   Zero   RW          950    .bss._ZL13rx_queue_head  BUILD/TB_SENSE_12/ARMC6/mbed-os/connectivity/drivers/802.15.4_RF/TARGET_Silicon_Labs/TARGET_SL_RAIL/NanostackRfPhyEfr32.o
    0x20000ce8   0x00000004   Zero   RW          951    .bss._ZL13rx_queue_tail  BUILD/TB_SENSE_12/ARMC6/mbed-os/connectivity/drivers/802.15.4_RF/TARGET_Silicon_Labs/TARGET_SL_RAIL/NanostackRfPhyEfr32.o
    0x20000cec   0x00000001   Zero   RW          962    .bss._ZL13sleep_blocked  BUILD/TB_SENSE_12/ARMC6/mbed-os/connectivity/drivers/802.15.4_RF/TARGET_Silicon_Labs/TARGET_SL_RAIL/NanostackRfPhyEfr32.o
    0x20000ced   0x00000010   Zero   RW        18665    .bss._ZL13stdio_in_prev  BUILD/TB_SENSE_12/ARMC6/mbed-os/platform/source/mbed_retarget.o
    0x20000cfd   0x00000003   PAD
    0x20000d00   0x00000024   Zero   RW           63    .bss._ZL14SerialOutMutex  BUILD/TB_SENSE_12/ARMC6/main.o
    0x20000d24   0x00000010   Zero   RW        18666    .bss._ZL14stdio_out_prev  BUILD/TB_SENSE_12/ARMC6/mbed-os/platform/source/mbed_retarget.o
    0x20000d34   0x00000028   Zero   RW        14561    .bss._ZL15dns_cache_mutex  BUILD/TB_SENSE_12/ARMC6/mbed-os/connectivity/netsocket/source/nsapi_dns.o
    0x20000d5c   0x00000014   Zero   RW        14558    .bss._ZL15dns_query_queue  BUILD/TB_SENSE_12/ARMC6/mbed-os/connectivity/netsocket/source/nsapi_dns.o
    0x20000d70   0x00000001   Zero   RW          954    .bss._ZL15waiting_for_ack  BUILD/TB_SENSE_12/ARMC6/mbed-os/connectivity/drivers/802.15.4_RF/TARGET_Silicon_Labs/TARGET_SL_RAIL/NanostackRfPhyEfr32.o
    0x20000d71   0x00000003   PAD
    0x20000d74   0x00000004   Zero   RW         8098    .bss._ZL16arm_hal_callback  BUILD/TB_SENSE_12/ARMC6/mbed-os/connectivity/nanostack/nanostack-hal-mbed-cmsis-rtos/arm_hal_timer.o
    0x20000d78   0x00000028   Zero   RW        18662    .bss._ZL16filehandle_mutex  BUILD/TB_SENSE_12/ARMC6/mbed-os/platform/source/mbed_retarget.o
    0x20000da0   0x00000001   Zero   RW          964    .bss._ZL17current_tx_handle  BUILD/TB_SENSE_12/ARMC6/mbed-os/connectivity/drivers/802.15.4_RF/TARGET_Silicon_Labs/TARGET_SL_RAIL/NanostackRfPhyEfr32.o
    0x20000da1   0x00000001   Zero   RW        14559    .bss._ZL17dns_timer_running  BUILD/TB_SENSE_12/ARMC6/mbed-os/connectivity/netsocket/source/nsapi_dns.o
    0x20000da2   0x00000001   Zero   RW          955    .bss._ZL19current_tx_sequence  BUILD/TB_SENSE_12/ARMC6/mbed-os/connectivity/drivers/802.15.4_RF/TARGET_Silicon_Labs/TARGET_SL_RAIL/NanostackRfPhyEfr32.o
    0x20000da3   0x00000001   Zero   RW          956    .bss._ZL20last_ack_pending_bit  BUILD/TB_SENSE_12/ARMC6/mbed-os/connectivity/drivers/802.15.4_RF/TARGET_Silicon_Labs/TARGET_SL_RAIL/NanostackRfPhyEfr32.o
    0x20000da4   0x00000004   Zero   RW          936    .bss._ZL2rf         BUILD/TB_SENSE_12/ARMC6/mbed-os/connectivity/drivers/802.15.4_RF/TARGET_Silicon_Labs/TARGET_SL_RAIL/NanostackRfPhyEfr32.o
    0x20000da8   0x00000008   Zero   RW         8099    .bss._ZL3due.0.0    BUILD/TB_SENSE_12/ARMC6/mbed-os/connectivity/nanostack/nanostack-hal-mbed-cmsis-rtos/arm_hal_timer.o
    0x20000db0   0x00000028   Zero   RW        18709    .bss._ZL6_mutex     BUILD/TB_SENSE_12/ARMC6/mbed-os/platform/source/mbed_rtc_time.o
    0x20000dd8   0x00000004   Zero   RW         8095    .bss._ZL6equeue     BUILD/TB_SENSE_12/ARMC6/mbed-os/connectivity/nanostack/nanostack-hal-mbed-cmsis-rtos/arm_hal_timer.o
    0x20000ddc   0x00000100   Zero   RW          945    .bss._ZL6txFifo     BUILD/TB_SENSE_12/ARMC6/mbed-os/connectivity/drivers/802.15.4_RF/TARGET_Silicon_Labs/TARGET_SL_RAIL/NanostackRfPhyEfr32.o
    0x20000edc   0x00000004   Zero   RW          959    .bss._ZL7last_tx    BUILD/TB_SENSE_12/ARMC6/mbed-os/connectivity/drivers/802.15.4_RF/TARGET_Silicon_Labs/TARGET_SL_RAIL/NanostackRfPhyEfr32.o
    0x20000ee0   0x00000048   Zero   RW         8097    .bss._ZL7timeout    BUILD/TB_SENSE_12/ARMC6/mbed-os/connectivity/nanostack/nanostack-hal-mbed-cmsis-rtos/arm_hal_timer.o
    0x20000f28   0x00000004   Zero   RW         7426    .bss._ZL8_handler   BUILD/TB_SENSE_12/ARMC6/mbed-os/connectivity/nanostack/mbed-mesh-api/source/CallbackHandler.o
    0x20000f2c   0x00000410   Zero   RW          957    .bss._ZL8rx_queue   BUILD/TB_SENSE_12/ARMC6/mbed-os/connectivity/drivers/802.15.4_RF/TARGET_Silicon_Labs/TARGET_SL_RAIL/NanostackRfPhyEfr32.o
    0x2000133c   0x0000000c   Zero   RW        14562    .bss._ZL9dns_cache  BUILD/TB_SENSE_12/ARMC6/mbed-os/connectivity/netsocket/source/nsapi_dns.o
    0x20001348   0x00000028   Zero   RW        14557    .bss._ZL9dns_mutex  BUILD/TB_SENSE_12/ARMC6/mbed-os/connectivity/netsocket/source/nsapi_dns.o
    0x20001370   0x00000004   Zero   RW        17910    .bss._ZN10CThunkBase17_cthunk_free_realE  BUILD/TB_SENSE_12/ARMC6/mbed-os/platform/source/CThunkBase.o
    0x20001374   0x00000028   Zero   RW        15472    .bss._ZN4mbed3I2C6_mutexE  BUILD/TB_SENSE_12/ARMC6/mbed-os/drivers/source/I2C.o
    0x2000139c   0x00000004   Zero   RW        15471    .bss._ZN4mbed3I2C6_ownerE  BUILD/TB_SENSE_12/ARMC6/mbed-os/drivers/source/I2C.o
    0x200013a0   0x00000004   Zero   RW        17966    .bss._ZN4mbed8FileBase5_headE  BUILD/TB_SENSE_12/ARMC6/mbed-os/platform/source/FileBase.o
    0x200013a4   0x00000028   Zero   RW        17967    .bss._ZN4mbed8FileBase6_mutexE  BUILD/TB_SENSE_12/ARMC6/mbed-os/platform/source/FileBase.o
    0x200013cc   0x00000004   Zero   RW        17968    .bss._ZN4mbed8FileBase8_defaultE  BUILD/TB_SENSE_12/ARMC6/mbed-os/platform/source/FileBase.o
    0x200013d0   0x00000040   Zero   RW        18465    .bss._ZN4mbed8internal12_GLOBAL__N_113os_timer_dataE  BUILD/TB_SENSE_12/ARMC6/mbed-os/platform/source/mbed_os_timer.o
    0x20001410   0x00000004   Zero   RW        18464    .bss._ZN4mbed8internal8os_timerE  BUILD/TB_SENSE_12/ARMC6/mbed-os/platform/source/mbed_os_timer.o
    0x20001414   0x00000008   Zero   RW        18675    .bss._ZZL15default_consolevE7console  BUILD/TB_SENSE_12/ARMC6/mbed-os/platform/source/mbed_retarget.o
    0x2000141c   0x00000001   Zero   RW         7759    .bss._ZZN13MeshInterface27get_target_default_instanceEvE6inited  BUILD/TB_SENSE_12/ARMC6/mbed-os/connectivity/nanostack/mbed-mesh-api/source/ThreadInterface.o
    0x2000141d   0x00000003   PAD
    0x20001420   0x00000054   Zero   RW         7760    .bss._ZZN13MeshInterface27get_target_default_instanceEvE9interface  BUILD/TB_SENSE_12/ARMC6/mbed-os/connectivity/nanostack/mbed-mesh-api/source/ThreadInterface.o
    0x20001474   0x00000004   Zero   RW          938    .bss._ZZN14NanostackRfPhy20get_default_instanceEvE6rf_phy  BUILD/TB_SENSE_12/ARMC6/mbed-os/connectivity/drivers/802.15.4_RF/TARGET_Silicon_Labs/TARGET_SL_RAIL/NanostackRfPhyEfr32.o
    0x20001478   0x00000100   Zero   RW        17075    .bss._ZZN4mbed33do_shared_event_queue_with_threadIL12osPriority_t40ELj256ELj1024EEEPN6events10EventQueueEPKcE12queue_buffer  BUILD/TB_SENSE_12/ARMC6/mbed-os/events/source/mbed_shared_queues.o
    0x20001578   0x0000005c   Zero   RW        17076    .bss._ZZN4mbed33do_shared_event_queue_with_threadIL12osPriority_t40ELj256ELj1024EEEPN6events10EventQueueEPKcE5queue  BUILD/TB_SENSE_12/ARMC6/mbed-os/events/source/mbed_shared_queues.o
    0x200015d4   0x00000004   PAD
    0x200015d8   0x00000400   Zero   RW        17078    .bss._ZZN4mbed33do_shared_event_queue_with_threadIL12osPriority_t40ELj256ELj1024EEEPN6events10EventQueueEPKcE5stack  BUILD/TB_SENSE_12/ARMC6/mbed-os/events/source/mbed_shared_queues.o
    0x200019d8   0x000000bc   Zero   RW        17079    .bss._ZZN4mbed33do_shared_event_queue_with_threadIL12osPriority_t40ELj256ELj1024EEEPN6events10EventQueueEPKcE6thread  BUILD/TB_SENSE_12/ARMC6/mbed-os/events/source/mbed_shared_queues.o
    0x20001a94   0x00000004   Zero   RW        18974    .bss._ZZN4rtos6Kernel4impl14get_tick_countEvE6tick_h  BUILD/TB_SENSE_12/ARMC6/mbed-os/rtos/source/Kernel.o
    0x20001a98   0x00000004   Zero   RW        18975    .bss._ZZN4rtos6Kernel4impl14get_tick_countEvE6tick_l  BUILD/TB_SENSE_12/ARMC6/mbed-os/rtos/source/Kernel.o
    0x20001a9c   0x00000034   Zero   RW        13854    .bss._ZZN9Nanostack12get_instanceEvE9nanostack  BUILD/TB_SENSE_12/ARMC6/mbed-os/connectivity/nanostack/source/Nanostack.o
    0x20001ad0   0x00000004   Zero   RW         7715    .bss._ZZN9Nanostack17add_ppp_interfaceER3PPPbPPNS_12PPPInterfaceEE9interface  BUILD/TB_SENSE_12/ARMC6/mbed-os/connectivity/nanostack/mbed-mesh-api/source/NanostackPPPInterface.o
    0x20001ad4   0x00000004   PAD
    0x20001ad8   0x00001000   Zero   RW        19072    .bss._main_stack    BUILD/TB_SENSE_12/ARMC6/mbed-os/rtos/source/TARGET_CORTEX/mbed_rtos_rtx.o
    0x20002ad8   0x00000024   Zero   RW        19073    .bss._main_thread_attr  BUILD/TB_SENSE_12/ARMC6/mbed-os/rtos/source/TARGET_CORTEX/mbed_rtos_rtx.o
    0x20002afc   0x00000020   Zero   RW        19045    .bss._static_mutexes  BUILD/TB_SENSE_12/ARMC6/mbed-os/rtos/source/TARGET_CORTEX/TOOLCHAIN_ARM_STD/mbed_boot_arm_std.o
    0x20002b1c   0x000000e0   Zero   RW        19046    .bss._static_mutexes_mem  BUILD/TB_SENSE_12/ARMC6/mbed-os/rtos/source/TARGET_CORTEX/TOOLCHAIN_ARM_STD/mbed_boot_arm_std.o
    0x20002bfc   0x00000001   Zero   RW        17820    .bss._us_ticker_initialized  BUILD/TB_SENSE_12/ARMC6/mbed-os/hal/mbed_us_ticker_api.o
    0x20002bfd   0x00000003   PAD
    0x20002c00   0x00000004   Zero   RW         6088    .bss.add_count      BUILD/TB_SENSE_12/ARMC6/mbed-os/connectivity/mbedtls/source/ecp.o
    0x20002c04   0x00000004   Zero   RW        11228    .bss.addr_iid_secret_key  BUILD/TB_SENSE_12/ARMC6/mbed-os/connectivity/nanostack/sal-stack-nanostack/source/Core/ns_address_internal.o
    0x20002c08   0x00000001   Zero   RW        11229    .bss.addr_iid_secret_key_len  BUILD/TB_SENSE_12/ARMC6/mbed-os/connectivity/nanostack/sal-stack-nanostack/source/Core/ns_address_internal.o
    0x20002c09   0x00000003   PAD
    0x20002c0c   0x00000004   Zero   RW        11230    .bss.addr_initial_iid  BUILD/TB_SENSE_12/ARMC6/mbed-os/connectivity/nanostack/sal-stack-nanostack/source/Core/ns_address_internal.o
    0x20002c10   0x00000004   Zero   RW         8932    .bss.addr_notificastion_timer  BUILD/TB_SENSE_12/ARMC6/mbed-os/connectivity/nanostack/sal-stack-nanostack/source/6LoWPAN/Thread/thread_bootstrap.o
    0x20002c14   0x00000001   Zero   RW         8659    .bss.always_add_mesh_header_as_originator  BUILD/TB_SENSE_12/ARMC6/mbed-os/connectivity/nanostack/sal-stack-nanostack/source/6LoWPAN/Mesh/mesh.o
    0x20002c15   0x00007531   Zero   RW         7929    .bss.app_stack_heap  BUILD/TB_SENSE_12/ARMC6/mbed-os/connectivity/nanostack/mbed-mesh-api/source/mesh_system.o
    0x2000a146   0x00000002   PAD
    0x2000a148   0x00000004   Zero   RW        12361    .bss.blacklist_data  BUILD/TB_SENSE_12/ARMC6/mbed-os/connectivity/nanostack/sal-stack-nanostack/source/Service_Libs/blacklist/blacklist.o
    0x2000a14c   0x00000100   Zero   RW           77    .bss.buff1          BUILD/TB_SENSE_12/ARMC6/main.o
    0x2000a24c   0x00000004   Zero   RW        11091    .bss.buffer_count   BUILD/TB_SENSE_12/ARMC6/mbed-os/connectivity/nanostack/sal-stack-nanostack/source/Core/buffer_dyn.o
    0x2000a250   0x0000000c   Zero   RW        10323    .bss.cached_fast_data  BUILD/TB_SENSE_12/ARMC6/mbed-os/connectivity/nanostack/sal-stack-nanostack/source/6LoWPAN/Thread/thread_nvm_store.o
    0x2000a25c   0x00000040   Zero   RW        21987    .bss.channel_ids    BUILD/TB_SENSE_12/ARMC6/mbed-os/targets/TARGET_Silicon_Labs/TARGET_EFM32/gpio_irq_api.o
    0x2000a29c   0x00000008   Zero   RW        21988    .bss.channel_ports  BUILD/TB_SENSE_12/ARMC6/mbed-os/targets/TARGET_Silicon_Labs/TARGET_EFM32/gpio_irq_api.o
    0x2000a2a4   0x00000004   Zero   RW         7416    .bss.coap_service_handle  BUILD/TB_SENSE_12/ARMC6/mbed-os/connectivity/nanostack/coap-service/source/coap_service_api.o
    0x2000a2a8   0x00000050   Zero   RW        12299    .bss.context_list   BUILD/TB_SENSE_12/ARMC6/mbed-os/connectivity/nanostack/sal-stack-nanostack/source/Service_Libs/CCM_lib/mbedOS/aes_mbedtls_adapter.o
    0x2000a2f8   0x00000001   Zero   RW        17698    .bss.critical_interrupts_enabled  BUILD/TB_SENSE_12/ARMC6/mbed-os/hal/mbed_critical_section_api.o
    0x2000a2f9   0x00000003   PAD
    0x2000a2fc   0x0000001c   Zero   RW         8074    .bss.critical_mutex  BUILD/TB_SENSE_12/ARMC6/mbed-os/connectivity/nanostack/nanostack-hal-mbed-cmsis-rtos/arm_hal_interrupt.o
    0x2000a318   0x00000004   Zero   RW         8071    .bss.critical_mutex_id  BUILD/TB_SENSE_12/ARMC6/mbed-os/connectivity/nanostack/nanostack-hal-mbed-cmsis-rtos/arm_hal_interrupt.o
    0x2000a31c   0x00000004   Zero   RW        18351    .bss.critical_section_reentrancy_counter  BUILD/TB_SENSE_12/ARMC6/mbed-os/platform/source/mbed_critical.o
    0x2000a320   0x00000001   Zero   RW         8212    .bss.curr_tasklet   BUILD/TB_SENSE_12/ARMC6/mbed-os/connectivity/nanostack/sal-stack-nanostack-eventloop/source/event.o
    0x2000a321   0x00000003   PAD
    0x2000a324   0x00000030   Zero   RW         9683    .bss.data_response  BUILD/TB_SENSE_12/ARMC6/mbed-os/connectivity/nanostack/sal-stack-nanostack/source/6LoWPAN/Thread/thread_lowpower_api.o
    0x2000a354   0x00000004   Zero   RW         6089    .bss.dbl_count      BUILD/TB_SENSE_12/ARMC6/mbed-os/connectivity/mbedtls/source/ecp.o
    0x2000a358   0x00000002   Zero   RW        13251    .bss.dcache_gc_timer  BUILD/TB_SENSE_12/ARMC6/mbed-os/connectivity/nanostack/sal-stack-nanostack/source/ipv6_stack/ipv6_routing_table.o
    0x2000a35a   0x00000002   Zero   RW        21556    .bss.dcdcEm01LoadCurrent_mA  BUILD/TB_SENSE_12/ARMC6/mbed-os/targets/TARGET_Silicon_Labs/TARGET_EFM32/emlib/src/em_emu.o
    0x2000a35c   0x00000002   Zero   RW        21561    .bss.dcdcMaxCurrent_mA  BUILD/TB_SENSE_12/ARMC6/mbed-os/targets/TARGET_Silicon_Labs/TARGET_EFM32/emlib/src/em_emu.o
    0x2000a35e   0x00000002   Zero   RW        21562    .bss.dcdcReverseCurrentControl  BUILD/TB_SENSE_12/ARMC6/mbed-os/targets/TARGET_Silicon_Labs/TARGET_EFM32/emlib/src/em_emu.o
    0x2000a360   0x00000004   Zero   RW         5916    .bss.debug_threshold  BUILD/TB_SENSE_12/ARMC6/mbed-os/connectivity/mbedtls/source/debug.o
    0x2000a364   0x00000002   Zero   RW        18492    .bss.deep_sleep_lock  BUILD/TB_SENSE_12/ARMC6/mbed-os/platform/source/mbed_power_mgmt.o
    0x2000a366   0x00000002   PAD
    0x2000a368   0x00000004   Zero   RW         3183    .bss.default_book   BUILD/TB_SENSE_12/ARMC6/mbed-os/connectivity/libraries/nanostack-libservice/source/nsdynmemLIB/nsdynmemLIB.o
    0x2000a36c   0x00000004   PAD
    0x2000a370   0x00000040   Zero   RW         7991    .bss.device_configuration  BUILD/TB_SENSE_12/ARMC6/mbed-os/connectivity/nanostack/mbed-mesh-api/source/thread_tasklet.o
    0x2000a3b0   0x00000004   Zero   RW        13315    .bss.dhcp_service   BUILD/TB_SENSE_12/ARMC6/mbed-os/connectivity/nanostack/sal-stack-nanostack/source/libDHCPv6/dhcp_service_api.o
    0x2000a3b4   0x00000004   Zero   RW        11394    .bss.dhcp_timer_storage  BUILD/TB_SENSE_12/ARMC6/mbed-os/connectivity/nanostack/sal-stack-nanostack/source/DHCPv6_Server/DHCPv6_Server_service.o
    0x2000a3b8   0x00000001   Zero   RW        13316    .bss.dhcpv6_socket_timeout_timer_active  BUILD/TB_SENSE_12/ARMC6/mbed-os/connectivity/nanostack/sal-stack-nanostack/source/libDHCPv6/dhcp_service_api.o
    0x2000a3b9   0x00000003   Zero   RW         6085    .bss.ecp_supported_grp_id  BUILD/TB_SENSE_12/ARMC6/mbed-os/connectivity/mbedtls/source/ecp.o
    0x2000a3bc   0x00000004   Zero   RW        21557    .bss.emState.cmuStatus  BUILD/TB_SENSE_12/ARMC6/mbed-os/targets/TARGET_Silicon_Labs/TARGET_EFM32/emlib/src/em_emu.o
    0x2000a3c0   0x00000001   Zero   RW        21558    .bss.emState.hfClock  BUILD/TB_SENSE_12/ARMC6/mbed-os/targets/TARGET_Silicon_Labs/TARGET_EFM32/emlib/src/em_emu.o
    0x2000a3c1   0x00000003   PAD
    0x2000a3c4   0x00000004   Zero   RW        21560    .bss.emState.hfrcoCtrl  BUILD/TB_SENSE_12/ARMC6/mbed-os/targets/TARGET_Silicon_Labs/TARGET_EFM32/emlib/src/em_emu.o
    0x2000a3c8   0x00000001   Zero   RW        21559    .bss.emState.vScaleStatus  BUILD/TB_SENSE_12/ARMC6/mbed-os/targets/TARGET_Silicon_Labs/TARGET_EFM32/emlib/src/em_emu.o
    0x2000a3c9   0x00000001   Zero   RW         8931    .bss.enabled        BUILD/TB_SENSE_12/ARMC6/mbed-os/connectivity/nanostack/sal-stack-nanostack/source/6LoWPAN/Thread/thread_bootstrap.o
    0x2000a3ca   0x00000002   PAD
    0x2000a3cc   0x00000004   Zero   RW           59    .bss.env_en         BUILD/TB_SENSE_12/ARMC6/main.o
    0x2000a3d0   0x00000004   Zero   RW        18399    .bss.error_count    BUILD/TB_SENSE_12/ARMC6/mbed-os/platform/source/mbed_error.o
    0x2000a3d4   0x00000004   Zero   RW        18400    .bss.error_hook     BUILD/TB_SENSE_12/ARMC6/mbed-os/platform/source/mbed_error.o
    0x2000a3d8   0x00000004   Zero   RW         7917    .bss.eth_mac_api    BUILD/TB_SENSE_12/ARMC6/mbed-os/connectivity/nanostack/mbed-mesh-api/source/ethernet_tasklet.o
    0x2000a3dc   0x00000004   Zero   RW        12402    .bss.etx_info.0     BUILD/TB_SENSE_12/ARMC6/mbed-os/connectivity/nanostack/sal-stack-nanostack/source/Service_Libs/etx/etx.o
    0x2000a3e0   0x00000004   Zero   RW        12403    .bss.etx_info.1     BUILD/TB_SENSE_12/ARMC6/mbed-os/connectivity/nanostack/sal-stack-nanostack/source/Service_Libs/etx/etx.o
    0x2000a3e4   0x00000001   Zero   RW        12412    .bss.etx_info.10    BUILD/TB_SENSE_12/ARMC6/mbed-os/connectivity/nanostack/sal-stack-nanostack/source/Service_Libs/etx/etx.o
    0x2000a3e5   0x00000003   PAD
    0x2000a3e8   0x00000001   Zero   RW        12413    .bss.etx_info.11    BUILD/TB_SENSE_12/ARMC6/mbed-os/connectivity/nanostack/sal-stack-nanostack/source/Service_Libs/etx/etx.o
    0x2000a3e9   0x00000003   PAD
    0x2000a3ec   0x00000001   Zero   RW        12414    .bss.etx_info.12    BUILD/TB_SENSE_12/ARMC6/mbed-os/connectivity/nanostack/sal-stack-nanostack/source/Service_Libs/etx/etx.o
    0x2000a3ed   0x00000003   PAD
    0x2000a3f0   0x00000004   Zero   RW        12404    .bss.etx_info.2     BUILD/TB_SENSE_12/ARMC6/mbed-os/connectivity/nanostack/sal-stack-nanostack/source/Service_Libs/etx/etx.o
    0x2000a3f4   0x00000004   Zero   RW        12405    .bss.etx_info.3     BUILD/TB_SENSE_12/ARMC6/mbed-os/connectivity/nanostack/sal-stack-nanostack/source/Service_Libs/etx/etx.o
    0x2000a3f8   0x00000004   Zero   RW        12406    .bss.etx_info.4     BUILD/TB_SENSE_12/ARMC6/mbed-os/connectivity/nanostack/sal-stack-nanostack/source/Service_Libs/etx/etx.o
    0x2000a3fc   0x00000002   Zero   RW        12408    .bss.etx_info.6     BUILD/TB_SENSE_12/ARMC6/mbed-os/connectivity/nanostack/sal-stack-nanostack/source/Service_Libs/etx/etx.o
    0x2000a3fe   0x00000002   PAD
    0x2000a400   0x00000001   Zero   RW        12410    .bss.etx_info.8     BUILD/TB_SENSE_12/ARMC6/mbed-os/connectivity/nanostack/sal-stack-nanostack/source/Service_Libs/etx/etx.o
    0x2000a401   0x00000003   PAD
    0x2000a404   0x00000001   Zero   RW        12411    .bss.etx_info.9     BUILD/TB_SENSE_12/ARMC6/mbed-os/connectivity/nanostack/sal-stack-nanostack/source/Service_Libs/etx/etx.o
    0x2000a405   0x00000003   PAD
    0x2000a408   0x0000001c   Zero   RW         8135    .bss.event_mutex    BUILD/TB_SENSE_12/ARMC6/mbed-os/connectivity/nanostack/nanostack-hal-mbed-cmsis-rtos/ns_event_loop_mutex.o
    0x2000a424   0x00000004   Zero   RW         8130    .bss.event_mutex_id  BUILD/TB_SENSE_12/ARMC6/mbed-os/connectivity/nanostack/nanostack-hal-mbed-cmsis-rtos/ns_event_loop_mutex.o
    0x2000a428   0x00000004   Zero   RW         8132    .bss.event_mutex_owner_id  BUILD/TB_SENSE_12/ARMC6/mbed-os/connectivity/nanostack/nanostack-hal-mbed-cmsis-rtos/ns_event_loop_mutex.o
    0x2000a42c   0x00000004   Zero   RW         8114    .bss.event_thread_id  BUILD/TB_SENSE_12/ARMC6/mbed-os/connectivity/nanostack/nanostack-hal-mbed-cmsis-rtos/ns_event_loop.o
    0x2000a430   0x00001800   Zero   RW         8118    .bss.event_thread_stk  BUILD/TB_SENSE_12/ARMC6/mbed-os/connectivity/nanostack/nanostack-hal-mbed-cmsis-rtos/ns_event_loop.o
    0x2000bc30   0x00000044   Zero   RW         8117    .bss.event_thread_tcb  BUILD/TB_SENSE_12/ARMC6/mbed-os/connectivity/nanostack/nanostack-hal-mbed-cmsis-rtos/ns_event_loop.o
    0x2000bc74   0x00000004   PAD
    0x2000bc78   0x00000040   Zero   RW        17736    .bss.events         BUILD/TB_SENSE_12/ARMC6/mbed-os/hal/mbed_lp_ticker_api.o
    0x2000bcb8   0x00000040   Zero   RW        17822    .bss.events         BUILD/TB_SENSE_12/ARMC6/mbed-os/hal/mbed_us_ticker_api.o
    0x2000bcf8   0x00000004   Zero   RW        13125    .bss.file_close_cb  BUILD/TB_SENSE_12/ARMC6/mbed-os/connectivity/nanostack/sal-stack-nanostack/source/Service_Libs/utils/ns_file_system.o
    0x2000bcfc   0x00000004   Zero   RW        13124    .bss.file_open_cb   BUILD/TB_SENSE_12/ARMC6/mbed-os/connectivity/nanostack/sal-stack-nanostack/source/Service_Libs/utils/ns_file_system.o
    0x2000bd00   0x00000004   Zero   RW        13128    .bss.file_read_cb   BUILD/TB_SENSE_12/ARMC6/mbed-os/connectivity/nanostack/sal-stack-nanostack/source/Service_Libs/utils/ns_file_system.o
    0x2000bd04   0x00000004   Zero   RW        13123    .bss.file_system_root  BUILD/TB_SENSE_12/ARMC6/mbed-os/connectivity/nanostack/sal-stack-nanostack/source/Service_Libs/utils/ns_file_system.o
    0x2000bd08   0x00000004   Zero   RW        13127    .bss.file_write_cb  BUILD/TB_SENSE_12/ARMC6/mbed-os/connectivity/nanostack/sal-stack-nanostack/source/Service_Libs/utils/ns_file_system.o
    0x2000bd0c   0x00000034   Zero   RW        18398    .bss.first_error_ctx  BUILD/TB_SENSE_12/ARMC6/mbed-os/platform/source/mbed_error.o
    0x2000bd40   0x00000001   Zero   RW           76    .bss.flag           BUILD/TB_SENSE_12/ARMC6/main.o
    0x2000bd41   0x00000003   PAD
    0x2000bd44   0x00000001   Zero   RW         7351    .bss.get_random.initialised  BUILD/TB_SENSE_12/ARMC6/mbed-os/connectivity/nanostack/coap-service/source/coap_security_handler.o
    0x2000bd45   0x00000003   PAD
    0x2000bd48   0x00000001   Zero   RW        22051    .bss.gpio_clock_inited  BUILD/TB_SENSE_12/ARMC6/mbed-os/targets/TARGET_Silicon_Labs/TARGET_EFM32/pinmap.o
    0x2000bd49   0x00000001   Zero   RW        18401    .bss.halt_in_progress  BUILD/TB_SENSE_12/ARMC6/mbed-os/platform/source/mbed_error.o
    0x2000bd4a   0x00000002   PAD
    0x2000bd4c   0x0000006c   Zero   RW        12322    .bss.hmac_sha_ctx   BUILD/TB_SENSE_12/ARMC6/mbed-os/connectivity/nanostack/sal-stack-nanostack/source/Service_Libs/SHA256_Lib/shalib.o
    0x2000bdb8   0x00000078   Zero   RW           60    .bss.i2c            BUILD/TB_SENSE_12/ARMC6/main.o
    0x2000be30   0x0000005c   Zero   RW        10938    .bss.ipv6_exthdr_provider  BUILD/TB_SENSE_12/ARMC6/mbed-os/connectivity/nanostack/sal-stack-nanostack/source/Common_Protocols/ipv6.o
    0x2000be8c   0x0000005c   Zero   RW        13253    .bss.ipv6_route_next_hop_computation  BUILD/TB_SENSE_12/ARMC6/mbed-os/connectivity/nanostack/sal-stack-nanostack/source/ipv6_stack/ipv6_routing_table.o
    0x2000bee8   0x0000005c   Zero   RW        13252    .bss.ipv6_route_predicate  BUILD/TB_SENSE_12/ARMC6/mbed-os/connectivity/nanostack/sal-stack-nanostack/source/ipv6_stack/ipv6_routing_table.o
    0x2000bf44   0x00000017   Zero   RW        13255    .bss.ipv6_route_source_invalidated  BUILD/TB_SENSE_12/ARMC6/mbed-os/connectivity/nanostack/sal-stack-nanostack/source/ipv6_stack/ipv6_routing_table.o
    0x2000bf5b   0x00000001   PAD
    0x2000bf5c   0x00000004   Zero   RW        21989    .bss.irq_handler    BUILD/TB_SENSE_12/ARMC6/mbed-os/targets/TARGET_Silicon_Labs/TARGET_EFM32/gpio_irq_api.o
    0x2000bf60   0x00000004   Zero   RW        22288    .bss.irq_handler    BUILD/TB_SENSE_12/ARMC6/mbed-os/targets/TARGET_Silicon_Labs/TARGET_EFM32/serial_api.o
    0x2000bf64   0x00000001   Zero   RW        22423    .bss.is_trng_enabled  BUILD/TB_SENSE_12/ARMC6/mbed-os/targets/TARGET_Silicon_Labs/TARGET_EFM32/trng/trng_api.o
    0x2000bf65   0x00000003   PAD
    0x2000bf68   0x00000004   Zero   RW           82    .bss.j              BUILD/TB_SENSE_12/ARMC6/main.o
    0x2000bf6c   0x00000034   Zero   RW        18397    .bss.last_error_ctx  BUILD/TB_SENSE_12/ARMC6/mbed-os/platform/source/mbed_error.o
    0x2000bfa0   0x00000040   Zero   RW        21226    .bss.ldmaCallback   BUILD/TB_SENSE_12/ARMC6/mbed-os/targets/TARGET_Silicon_Labs/TARGET_EFM32/dma_api.o
    0x2000bfe0   0x00000004   Zero   RW        22477    .bss.led_1          BUILD/TB_SENSE_12/ARMC6/mesh_led_control_example.o
    0x2000bfe4   0x00000004   Zero   RW           64    .bss.link           BUILD/TB_SENSE_12/ARMC6/main.o
    0x2000bfe8   0x00000004   Zero   RW           74    .bss.linkcopy       BUILD/TB_SENSE_12/ARMC6/main.o
    0x2000bfec   0x00000001   Zero   RW        22158    .bss.lptick_inited  BUILD/TB_SENSE_12/ARMC6/mbed-os/targets/TARGET_Silicon_Labs/TARGET_EFM32/rtcc.o
    0x2000bfed   0x00000003   PAD
    0x2000bff0   0x00000004   Zero   RW        22159    .bss.lptick_offset  BUILD/TB_SENSE_12/ARMC6/mbed-os/targets/TARGET_Silicon_Labs/TARGET_EFM32/rtcc.o
    0x2000bff4   0x00000004   Zero   RW         7992    .bss.mac_api        BUILD/TB_SENSE_12/ARMC6/mbed-os/connectivity/nanostack/mbed-mesh-api/source/thread_tasklet.o
    0x2000bff8   0x00000004   Zero   RW        11847    .bss.mac_store.0    BUILD/TB_SENSE_12/ARMC6/mbed-os/connectivity/nanostack/sal-stack-nanostack/source/MAC/IEEE802_15_4/sw_mac.o
    0x2000bffc   0x00000004   Zero   RW        11848    .bss.mac_store.1    BUILD/TB_SENSE_12/ARMC6/mbed-os/connectivity/nanostack/sal-stack-nanostack/source/MAC/IEEE802_15_4/sw_mac.o
    0x2000c000   0x00000004   Zero   RW        11849    .bss.mac_store.2    BUILD/TB_SENSE_12/ARMC6/mbed-os/connectivity/nanostack/sal-stack-nanostack/source/MAC/IEEE802_15_4/sw_mac.o
    0x2000c004   0x00000004   Zero   RW        11850    .bss.mac_store.3    BUILD/TB_SENSE_12/ARMC6/mbed-os/connectivity/nanostack/sal-stack-nanostack/source/MAC/IEEE802_15_4/sw_mac.o
    0x2000c008   0x00000001   Zero   RW        18396    .bss.mbed_error_in_progress  BUILD/TB_SENSE_12/ARMC6/mbed-os/platform/source/mbed_error.o
    0x2000c009   0x00000003   PAD
    0x2000c00c   0x00000054   Zero   RW        18219    .bss.mbed_fault_context  BUILD/TB_SENSE_12/ARMC6/mbed-os/platform/source/TARGET_CORTEX_M/mbed_fault_handler.o
    0x2000c060   0x00000004   Zero   RW        18661    .bss.mbed_heap_size  BUILD/TB_SENSE_12/ARMC6/mbed-os/platform/source/mbed_retarget.o
    0x2000c064   0x00000004   Zero   RW        18660    .bss.mbed_heap_start  BUILD/TB_SENSE_12/ARMC6/mbed-os/platform/source/mbed_retarget.o
    0x2000c068   0x00000004   Zero   RW        19063    .bss.mbed_stack_isr_size  BUILD/TB_SENSE_12/ARMC6/mbed-os/rtos/source/TARGET_CORTEX/mbed_boot.o
    0x2000c06c   0x00000004   Zero   RW        19062    .bss.mbed_stack_isr_start  BUILD/TB_SENSE_12/ARMC6/mbed-os/rtos/source/TARGET_CORTEX/mbed_boot.o
    0x2000c070   0x00000001   Zero   RW         6084    .bss.mbedtls_ecp_grp_id_list.init_done  BUILD/TB_SENSE_12/ARMC6/mbed-os/connectivity/mbedtls/source/ecp.o
    0x2000c071   0x00000003   PAD
    0x2000c074   0x00000028   Zero   RW         5263    .bss.mbedtls_mutex  BUILD/TB_SENSE_12/ARMC6/mbed-os/connectivity/mbedtls/platform/src/mbed_trng.o
    0x2000c09c   0x00000004   Zero   RW           62    .bss.mesh           BUILD/TB_SENSE_12/ARMC6/main.o
    0x2000c0a0   0x00000001   Zero   RW         8660    .bss.mesh_bc0_sequence  BUILD/TB_SENSE_12/ARMC6/mbed-os/connectivity/nanostack/sal-stack-nanostack/source/6LoWPAN/Mesh/mesh.o
    0x2000c0a1   0x00000001   Zero   RW         7928    .bss.mesh_initialized  BUILD/TB_SENSE_12/ARMC6/mbed-os/connectivity/nanostack/mbed-mesh-api/source/mesh_system.o
    0x2000c0a2   0x00000002   Zero   RW         3036    .bss.message_id     BUILD/TB_SENSE_12/ARMC6/mbed-os/connectivity/libraries/mbed-coap/source/sn_coap_protocol.o
    0x2000c0a4   0x00000001   Zero   RW        10998    .bss.mld_querier    BUILD/TB_SENSE_12/ARMC6/mbed-os/connectivity/nanostack/sal-stack-nanostack/source/Common_Protocols/mld.o
    0x2000c0a5   0x00000001   Zero   RW        10999    .bss.mld_slow_timer.query_timer  BUILD/TB_SENSE_12/ARMC6/mbed-os/connectivity/nanostack/sal-stack-nanostack/source/Common_Protocols/mld.o
    0x2000c0a6   0x00000002   PAD
    0x2000c0a8   0x00000004   Zero   RW        12956    .bss.mle_service    BUILD/TB_SENSE_12/ARMC6/mbed-os/connectivity/nanostack/sal-stack-nanostack/source/Service_Libs/mle_service/mle_service.o
    0x2000c0ac   0x00000004   Zero   RW         8933    .bss.mlr_timer      BUILD/TB_SENSE_12/ARMC6/mbed-os/connectivity/nanostack/sal-stack-nanostack/source/6LoWPAN/Thread/thread_bootstrap.o
    0x2000c0b0   0x00000001   Zero   RW        12092    .bss.mpl_initted    BUILD/TB_SENSE_12/ARMC6/mbed-os/connectivity/nanostack/sal-stack-nanostack/source/MPL/mpl.o
    0x2000c0b1   0x00000001   Zero   RW        12094    .bss.mpl_timer_running  BUILD/TB_SENSE_12/ARMC6/mbed-os/connectivity/nanostack/sal-stack-nanostack/source/MPL/mpl.o
    0x2000c0b2   0x00000002   Zero   RW        12095    .bss.mpl_total_buffered  BUILD/TB_SENSE_12/ARMC6/mbed-os/connectivity/nanostack/sal-stack-nanostack/source/MPL/mpl.o
    0x2000c0b4   0x00000004   Zero   RW         6090    .bss.mul_count      BUILD/TB_SENSE_12/ARMC6/mbed-os/connectivity/mbedtls/source/ecp.o
    0x2000c0b8   0x0000002c   Zero   RW        22478    .bss.my_button      BUILD/TB_SENSE_12/ARMC6/mesh_led_control_example.o
    0x2000c0e4   0x00000001   Zero   RW        11247    .bss.ns_dyn_mem_rate_limiting_threshold_percentage  BUILD/TB_SENSE_12/ARMC6/mbed-os/connectivity/nanostack/sal-stack-nanostack/source/Core/ns_monitor.o
    0x2000c0e5   0x00000001   Zero   RW         8141    .bss.ns_hal_init.initted  BUILD/TB_SENSE_12/ARMC6/mbed-os/connectivity/nanostack/nanostack-hal-mbed-cmsis-rtos/ns_hal_init.o
    0x2000c0e6   0x00000002   PAD
    0x2000c0e8   0x00000004   Zero   RW        11246    .bss.ns_monitor_ptr  BUILD/TB_SENSE_12/ARMC6/mbed-os/connectivity/nanostack/sal-stack-nanostack/source/Core/ns_monitor.o
    0x2000c0ec   0x00000001   Zero   RW         8246    .bss.ns_timer_initialized  BUILD/TB_SENSE_12/ARMC6/mbed-os/connectivity/nanostack/sal-stack-nanostack-eventloop/source/ns_timer.o
    0x2000c0ed   0x00000001   Zero   RW         8248    .bss.ns_timer_state  BUILD/TB_SENSE_12/ARMC6/mbed-os/connectivity/nanostack/sal-stack-nanostack-eventloop/source/ns_timer.o
    0x2000c0ee   0x00000002   PAD
    0x2000c0f0   0x00000004   Zero   RW        12199    .bss.nwk_stats_ptr  BUILD/TB_SENSE_12/ARMC6/mbed-os/connectivity/nanostack/sal-stack-nanostack/source/NWK_INTERFACE/protocol_stats.o
    0x2000c0f4   0x00000004   PAD
    0x2000c0f8   0x00000008   Zero   RW        13758    .bss.opt_temp       BUILD/TB_SENSE_12/ARMC6/mbed-os/connectivity/nanostack/sal-stack-nanostack/source/libNET/src/socket_api.o
    0x2000c100   0x00000040   Zero   RW        19330    .bss.os             BUILD/TB_SENSE_12/ARMC6/mbed-os/rtos/source/TARGET_CORTEX/rtx5/RTX/Source/rtx_lib.o
    0x2000c140   0x000001f0   Zero   RW        19044    .bss.os.libspace    BUILD/TB_SENSE_12/ARMC6/mbed-os/rtos/source/TARGET_CORTEX/TOOLCHAIN_ARM_STD/mbed_boot_arm_std.o
    0x2000c330   0x00000034   Zero   RW        19340    .bss.os.msgqueue.cb  BUILD/TB_SENSE_12/ARMC6/mbed-os/rtos/source/TARGET_CORTEX/rtx5/RTX/Source/rtx_lib.o
    0x2000c364   0x00000050   Zero   RW        19341    .bss.os.msgqueue.mem  BUILD/TB_SENSE_12/ARMC6/mbed-os/rtos/source/TARGET_CORTEX/rtx5/RTX/Source/rtx_lib.o
    0x2000c3b4   0x00000044   Zero   RW          965    .bss.os.thread.cb   BUILD/TB_SENSE_12/ARMC6/mbed-os/connectivity/drivers/802.15.4_RF/TARGET_Silicon_Labs/TARGET_SL_RAIL/NanostackRfPhyEfr32.o
    0x2000c3f8   0x00000044   Zero   RW        19074    .bss.os.thread.cb   BUILD/TB_SENSE_12/ARMC6/mbed-os/rtos/source/TARGET_CORTEX/mbed_rtos_rtx.o
    0x2000c43c   0x00000088   Zero   RW        19338    .bss.os.thread.cb   BUILD/TB_SENSE_12/ARMC6/mbed-os/rtos/source/TARGET_CORTEX/rtx5/RTX/Source/rtx_lib.o
    0x2000c4c4   0x00000004   PAD
    0x2000c4c8   0x00000400   Zero   RW          966    .bss.os.thread.stack  BUILD/TB_SENSE_12/ARMC6/mbed-os/connectivity/drivers/802.15.4_RF/TARGET_Silicon_Labs/TARGET_SL_RAIL/NanostackRfPhyEfr32.o
    0x2000c8c8   0x00000500   Zero   RW        19339    .bss.os.thread.stack  BUILD/TB_SENSE_12/ARMC6/mbed-os/rtos/source/TARGET_CORTEX/rtx5/RTX/Source/rtx_lib.o
    0x2000cdc8   0x00000001   Zero   RW        19047    .bss.os_kernel_is_active.os_kernel_active  BUILD/TB_SENSE_12/ARMC6/mbed-os/rtos/source/TARGET_CORTEX/TOOLCHAIN_ARM_STD/mbed_boot_arm_std.o
    0x2000cdc9   0x00000003   PAD
    0x2000cdcc   0x00000004   Zero   RW        22479    .bss.output         BUILD/TB_SENSE_12/ARMC6/mesh_led_control_example.o
    0x2000cdd0   0x00000004   Zero   RW         8131    .bss.owner_count    BUILD/TB_SENSE_12/ARMC6/mbed-os/connectivity/nanostack/nanostack-hal-mbed-cmsis-rtos/ns_event_loop_mutex.o
    0x2000cdd4   0x000000ec   Zero   RW           61    .bss.pc             BUILD/TB_SENSE_12/ARMC6/main.o
    0x2000cec0   0x00000002   Zero   RW        11334    .bss.port_counter   BUILD/TB_SENSE_12/ARMC6/mbed-os/connectivity/nanostack/sal-stack-nanostack/source/Core/ns_socket.o
    0x2000cec2   0x00000001   Zero   RW        12169    .bss.power_save_state  BUILD/TB_SENSE_12/ARMC6/mbed-os/connectivity/nanostack/sal-stack-nanostack/source/NWK_INTERFACE/protocol_core.o
    0x2000cec3   0x00000001   PAD
    0x2000cec4   0x00000014   Zero   RW        12321    .bss.prf_sec        BUILD/TB_SENSE_12/ARMC6/mbed-os/connectivity/nanostack/sal-stack-nanostack/source/Service_Libs/SHA256_Lib/shalib.o
    0x2000ced8   0x0000000a   Zero   RW         8351    .bss.protocol_6lowpan_map_ip_to_link_addr.ll_addr  BUILD/TB_SENSE_12/ARMC6/mbed-os/connectivity/nanostack/sal-stack-nanostack/source/6LoWPAN/Bootstraps/Generic/protocol_6lowpan.o
    0x2000cee2   0x00000002   PAD
    0x2000cee4   0x00000004   Zero   RW        12174    .bss.protocol_core_buffers_in_event_queue  BUILD/TB_SENSE_12/ARMC6/mbed-os/connectivity/nanostack/sal-stack-nanostack/source/NWK_INTERFACE/protocol_core.o
    0x2000cee8   0x00000004   Zero   RW        12171    .bss.protocol_core_monotonic_time  BUILD/TB_SENSE_12/ARMC6/mbed-os/connectivity/nanostack/sal-stack-nanostack/source/NWK_INTERFACE/protocol_core.o
    0x2000ceec   0x00000001   Zero   RW        12176    .bss.protocol_core_timer_info.0  BUILD/TB_SENSE_12/ARMC6/mbed-os/connectivity/nanostack/sal-stack-nanostack/source/NWK_INTERFACE/protocol_core.o
    0x2000ceed   0x00000001   PAD
    0x2000ceee   0x00000001   Zero   RW        12177    .bss.protocol_core_timer_info.1  BUILD/TB_SENSE_12/ARMC6/mbed-os/connectivity/nanostack/sal-stack-nanostack/source/NWK_INTERFACE/protocol_core.o
    0x2000ceef   0x00000001   PAD
    0x2000cef0   0x00000001   Zero   RW        12178    .bss.protocol_core_timer_info.2  BUILD/TB_SENSE_12/ARMC6/mbed-os/connectivity/nanostack/sal-stack-nanostack/source/NWK_INTERFACE/protocol_core.o
    0x2000cef1   0x00000001   Zero   RW        12217    .bss.protocol_tick_handle_busy  BUILD/TB_SENSE_12/ARMC6/mbed-os/connectivity/nanostack/sal-stack-nanostack/source/NWK_INTERFACE/protocol_timer.o
    0x2000cef2   0x00000002   Zero   RW        12219    .bss.protocol_tick_update  BUILD/TB_SENSE_12/ARMC6/mbed-os/connectivity/nanostack/sal-stack-nanostack/source/NWK_INTERFACE/protocol_timer.o
    0x2000cef4   0x0000003c   Zero   RW        12218    .bss.protocol_timer  BUILD/TB_SENSE_12/ARMC6/mbed-os/connectivity/nanostack/sal-stack-nanostack/source/NWK_INTERFACE/protocol_timer.o
    0x2000cf30   0x0000005c   Zero   RW        22482    .bss.queue          BUILD/TB_SENSE_12/ARMC6/mesh_led_control_example.o
    0x2000cf8c   0x00000014   Zero   RW        22289    .bss.serial_irq_ids  BUILD/TB_SENSE_12/ARMC6/mbed-os/targets/TARGET_Silicon_Labs/TARGET_EFM32/serial_api.o
    0x2000cfa0   0x00000004   Zero   RW        19078    .bss.singleton_mutex_id  BUILD/TB_SENSE_12/ARMC6/mbed-os/rtos/source/TARGET_CORTEX/mbed_rtos_rtx.o
    0x2000cfa4   0x0000001c   Zero   RW        19076    .bss.singleton_mutex_obj  BUILD/TB_SENSE_12/ARMC6/mbed-os/rtos/source/TARGET_CORTEX/mbed_rtos_rtx.o
    0x2000cfc0   0x0000000c   Zero   RW        11337    .bss.socket_buffer_cb_run.socket_cb_buffer  BUILD/TB_SENSE_12/ARMC6/mbed-os/connectivity/nanostack/sal-stack-nanostack/source/Core/ns_socket.o
    0x2000cfcc   0x0000000c   Zero   RW        11340    .bss.socket_cb_event_run.socket_cb_event_buffer  BUILD/TB_SENSE_12/ARMC6/mbed-os/connectivity/nanostack/sal-stack-nanostack/source/Core/ns_socket.o
    0x2000cfd8   0x00000008   Zero   RW        11341    .bss.socket_cb_event_run.socket_cb_event_stucture  BUILD/TB_SENSE_12/ARMC6/mbed-os/connectivity/nanostack/sal-stack-nanostack/source/Core/ns_socket.o
    0x2000cfe0   0x00000008   Zero   RW        11338    .bss.socket_cb_run.socket_cb_structure  BUILD/TB_SENSE_12/ARMC6/mbed-os/connectivity/nanostack/sal-stack-nanostack/source/Core/ns_socket.o
    0x2000cfe8   0x00000040   Zero   RW        11336    .bss.socket_instance  BUILD/TB_SENSE_12/ARMC6/mbed-os/connectivity/nanostack/sal-stack-nanostack/source/Core/ns_socket.o
    0x2000d028   0x00000008   Zero   RW        12999    .bss.srv_buf_list   BUILD/TB_SENSE_12/ARMC6/mbed-os/connectivity/nanostack/sal-stack-nanostack/source/Service_Libs/mle_service/mle_service_buffer.o
    0x2000d030   0x00000008   Zero   RW        13016    .bss.srv_framecounter_instance_list  BUILD/TB_SENSE_12/ARMC6/mbed-os/connectivity/nanostack/sal-stack-nanostack/source/Service_Libs/mle_service/mle_service_frame_counter_table.o
    0x2000d038   0x00000008   Zero   RW        13029    .bss.srv_interface_list  BUILD/TB_SENSE_12/ARMC6/mbed-os/connectivity/nanostack/sal-stack-nanostack/source/Service_Libs/mle_service/mle_service_interface.o
    0x2000d040   0x00000008   Zero   RW        13060    .bss.srv_security_instance_list  BUILD/TB_SENSE_12/ARMC6/mbed-os/connectivity/nanostack/sal-stack-nanostack/source/Service_Libs/mle_service/mle_service_security.o
    0x2000d048   0x00000118   Zero   RW         8216    .bss.startup_event_pool  BUILD/TB_SENSE_12/ARMC6/mbed-os/connectivity/nanostack/sal-stack-nanostack-eventloop/source/event.o
    0x2000d160   0x000000d8   Zero   RW         8286    .bss.startup_sys_timer_pool  BUILD/TB_SENSE_12/ARMC6/mbed-os/connectivity/nanostack/sal-stack-nanostack-eventloop/source/system_timer.o
    0x2000d238   0x00000008   Zero   RW        17303    .bss.state.0        BUILD/TB_SENSE_12/ARMC6/mbed-os/features/frameworks/mbed-client-randlib/source/randLIB.o
    0x2000d240   0x00000008   Zero   RW        17304    .bss.state.1        BUILD/TB_SENSE_12/ARMC6/mbed-os/features/frameworks/mbed-client-randlib/source/randLIB.o
    0x2000d248   0x00000001   Zero   RW        17697    .bss.state_saved    BUILD/TB_SENSE_12/ARMC6/mbed-os/hal/mbed_critical_section_api.o
    0x2000d249   0x00000003   PAD
    0x2000d24c   0x0000005c   Zero   RW        22287    .bss.stdio_uart     BUILD/TB_SENSE_12/ARMC6/mbed-os/targets/TARGET_Silicon_Labs/TARGET_EFM32/serial_api.o
    0x2000d2a8   0x00000004   Zero   RW        22285    .bss.stdio_uart_inited  BUILD/TB_SENSE_12/ARMC6/mbed-os/targets/TARGET_Silicon_Labs/TARGET_EFM32/serial_api.o
    0x2000d2ac   0x0000006c   Zero   RW           55    .bss.str            BUILD/TB_SENSE_12/ARMC6/main.o
    0x2000d318   0x0000006c   Zero   RW         6686    .bss.supported_ciphersuites  BUILD/TB_SENSE_12/ARMC6/mbed-os/connectivity/mbedtls/source/ssl_ciphersuites.o
    0x2000d384   0x00000001   Zero   RW         6684    .bss.supported_init  BUILD/TB_SENSE_12/ARMC6/mbed-os/connectivity/mbedtls/source/ssl_ciphersuites.o
    0x2000d385   0x00000001   Zero   RW         8073    .bss.sys_irq_disable_counter  BUILD/TB_SENSE_12/ARMC6/mbed-os/connectivity/nanostack/nanostack-hal-mbed-cmsis-rtos/arm_hal_interrupt.o
    0x2000d386   0x00000002   PAD
    0x2000d388   0x00000004   Zero   RW         7916    .bss.tasklet_data_ptr  BUILD/TB_SENSE_12/ARMC6/mbed-os/connectivity/nanostack/mbed-mesh-api/source/ethernet_tasklet.o
    0x2000d38c   0x00000004   Zero   RW        11049    .bss.tcp_generate_isn.fudge  BUILD/TB_SENSE_12/ARMC6/mbed-os/connectivity/nanostack/sal-stack-nanostack/source/Common_Protocols/tcp.o
    0x2000d390   0x00000011   Zero   RW        11048    .bss.tcp_generate_isn.secret  BUILD/TB_SENSE_12/ARMC6/mbed-os/connectivity/nanostack/sal-stack-nanostack/source/Common_Protocols/tcp.o
    0x2000d3a1   0x00000001   PAD
    0x2000d3a2   0x00000002   Zero   RW        11046    .bss.tcp_session_count  BUILD/TB_SENSE_12/ARMC6/mbed-os/connectivity/nanostack/sal-stack-nanostack/source/Common_Protocols/tcp.o
    0x2000d3a4   0x00000004   Zero   RW        19111    .bss.terminate_hook  BUILD/TB_SENSE_12/ARMC6/mbed-os/rtos/source/TARGET_CORTEX/mbed_rtx_handlers.o
    0x2000d3a8   0x00000004   Zero   RW         9866    .bss.thread_key_get.temp32_buf  BUILD/TB_SENSE_12/ARMC6/mbed-os/connectivity/nanostack/sal-stack-nanostack/source/6LoWPAN/Thread/thread_management_if.o
    0x2000d3ac   0x00000004   Zero   RW         7987    .bss.thread_tasklet_data_ptr  BUILD/TB_SENSE_12/ARMC6/mbed-os/connectivity/nanostack/mbed-mesh-api/source/thread_tasklet.o
    0x2000d3b0   0x00000004   Zero   RW         8289    .bss.tick_timer_callback  BUILD/TB_SENSE_12/ARMC6/mbed-os/connectivity/nanostack/sal-stack-nanostack-eventloop/source/system_timer.o
    0x2000d3b4   0x00000004   PAD
    0x2000d3b8   0x00000040   Zero   RW        22483    .bss.ticker         BUILD/TB_SENSE_12/ARMC6/mesh_led_control_example.o
    0x2000d3f8   0x00000004   Zero   RW         8287    .bss.timer_sys_ticks  BUILD/TB_SENSE_12/ARMC6/mbed-os/connectivity/nanostack/sal-stack-nanostack-eventloop/source/system_timer.o
    0x2000d3fc   0x00000001   Zero   RW        22443    .bss.us_ticker_inited  BUILD/TB_SENSE_12/ARMC6/mbed-os/targets/TARGET_Silicon_Labs/TARGET_EFM32/us_ticker.o
    0x2000d3fd   0x00000001   Zero   RW        21563    .bss.vScaleEM01Config.0  BUILD/TB_SENSE_12/ARMC6/mbed-os/targets/TARGET_Silicon_Labs/TARGET_EFM32/emlib/src/em_emu.o


    Execution Region ARM_LIB_STACK (Base: 0x2003fc00, Size: 0x00000400, Max: 0x00000400, ABSOLUTE)

    Base Addr    Size         Type   Attr      Idx    E Section Name        Object

    0x2003fc00   0x00000400   Zero   RW            1    ARM_LIB_STACK.bss   anon$$obj.o


==============================================================================

Image component sizes


      Code (inc. data)   RO Data    RW Data    ZI Data      Debug   

    429746      10784      34352       1440      52212     135492   Object Totals
         0          0         32          0       1024          0   (incl. Generated)
       974          0         33         45        124          0   (incl. Padding)
     41990       2996       5776        172       1200      85899   Library Totals
        34          0         79          6         16          0   (incl. Padding)

==============================================================================


      Code (inc. data)   RO Data    RW Data    ZI Data      Debug   

    471736      13780      40128       1612      53412     148443   Grand Totals
    471736      13780      40128        532      53412     148443   ELF Image Totals (compressed)
    471736      13780      40128        532          0          0   ROM Totals

==============================================================================

    Total RO  Size (Code + RO Data)               511864 ( 499.87kB)
    Total RW  Size (RW Data + ZI Data)             55024 (  53.73kB)
    Total ROM Size (Code + RO Data + RW Data)     512396 ( 500.39kB)

==============================================================================

